Archive member included to satisfy reference by file (symbol)

/opt/devkitpro/libctru/lib/libctru.a(console.o)
                              main.o (consoleSelect)
/opt/devkitpro/libctru/lib/libctru.a(gfx.o)
                              /opt/devkitpro/libctru/lib/libctru.a(console.o) (gfxSetScreenFormat)
/opt/devkitpro/libctru/lib/libctru.a(gx.o)
                              /opt/devkitpro/libctru/lib/libctru.a(gfx.o) (gxCmdBuf)
/opt/devkitpro/libctru/lib/libctru.a(gspgpu.o)
                              /opt/devkitpro/libctru/lib/libctru.a(gfx.o) (gspInit)
/opt/devkitpro/libctru/lib/libctru.a(apt.o)
                              main.o (aptMainLoop)
/opt/devkitpro/libctru/lib/libctru.a(hid.o)
                              main.o (hidScanInput)
/opt/devkitpro/libctru/lib/libctru.a(initSystem.o)
                              /opt/devkitpro/libctru/lib/libctru.a(apt.o) (__system_retAddr)
/opt/devkitpro/libctru/lib/libctru.a(syscalls.o)
                              /opt/devkitpro/libctru/lib/libctru.a(initSystem.o) (__system_initSyscalls)
/opt/devkitpro/libctru/lib/libctru.a(allocateHeaps.o)
                              /opt/devkitpro/libctru/lib/libctru.a(initSystem.o) (__system_allocateHeaps)
/opt/devkitpro/libctru/lib/libctru.a(initArgv.o)
                              /opt/devkitpro/libctru/lib/libctru.a(initSystem.o) (__system_initArgv)
/opt/devkitpro/libctru/lib/libctru.a(svc.o)
                              /opt/devkitpro/libctru/lib/libctru.a(allocateHeaps.o) (svcControlMemory)
/opt/devkitpro/libctru/lib/libctru.a(stack_adjust.o)
                              /opt/devkitpro/devkitARM/lib/gcc/arm-none-eabi/7.1.0/../../../../arm-none-eabi/lib/armv6k/fpu/3dsx_crt0.o (initSystem)
/opt/devkitpro/libctru/lib/libctru.a(default_font.bin.o)
                              /opt/devkitpro/libctru/lib/libctru.a(console.o) (default_font_bin)
/opt/devkitpro/libctru/lib/libctru.a(vram.o)
                              /opt/devkitpro/libctru/lib/libctru.a(gfx.o) (vramAlloc)
/opt/devkitpro/libctru/lib/libctru.a(mappable.o)
                              /opt/devkitpro/libctru/lib/libctru.a(gfx.o) (mappableAlloc)
/opt/devkitpro/libctru/lib/libctru.a(linear.o)
                              /opt/devkitpro/libctru/lib/libctru.a(gfx.o) (linearAlloc)
/opt/devkitpro/libctru/lib/libctru.a(mem_pool.o)
                              /opt/devkitpro/libctru/lib/libctru.a(vram.o) (MemPool::Allocate(MemChunk&, unsigned long, int))
/opt/devkitpro/libctru/lib/libctru.a(synchronization.o)
                              /opt/devkitpro/libctru/lib/libctru.a(initSystem.o) (__sync_init)
/opt/devkitpro/libctru/lib/libctru.a(os.o)
                              /opt/devkitpro/libctru/lib/libctru.a(allocateHeaps.o) (osGetMemRegionUsed)
/opt/devkitpro/libctru/lib/libctru.a(srv.o)
                              /opt/devkitpro/libctru/lib/libctru.a(apt.o) (srvInit)
/opt/devkitpro/libctru/lib/libctru.a(thread.o)
                              /opt/devkitpro/libctru/lib/libctru.a(gspgpu.o) (threadCreate)
/opt/devkitpro/libctru/lib/libctru.a(irrst.o)
                              /opt/devkitpro/libctru/lib/libctru.a(hid.o) (irrstScanInput)
/opt/devkitpro/libctru/lib/libctru.a(srvpm.o)
                              /opt/devkitpro/libctru/lib/libctru.a(srv.o) (srvPmGetSessionHandle)
/opt/devkitpro/libctru/lib/libctru.a(ptmsysm.o)
                              /opt/devkitpro/libctru/lib/libctru.a(os.o) (ptmSysmInit)
/opt/devkitpro/libctru/lib/libctru.a(rbtree_init.o)
                              /opt/devkitpro/libctru/lib/libctru.a(vram.o) (rbtree_init)
/opt/devkitpro/libctru/lib/libctru.a(rbtree_insert.o)
                              /opt/devkitpro/libctru/lib/libctru.a(vram.o) (rbtree_insert)
/opt/devkitpro/libctru/lib/libctru.a(rbtree_rotate.o)
                              /opt/devkitpro/libctru/lib/libctru.a(rbtree_insert.o) (rbtree_rotate)
/opt/devkitpro/libctru/lib/libctru.a(rbtree_remove.o)
                              /opt/devkitpro/libctru/lib/libctru.a(vram.o) (rbtree_remove)
/opt/devkitpro/libctru/lib/libctru.a(rbtree_find.o)
                              /opt/devkitpro/libctru/lib/libctru.a(vram.o) (rbtree_find)
/opt/devkitpro/libctru/lib/libctru.a(appInit.o)
                              /opt/devkitpro/libctru/lib/libctru.a(stack_adjust.o) (__appInit)
/opt/devkitpro/libctru/lib/libctru.a(appExit.o)
                              /opt/devkitpro/libctru/lib/libctru.a(stack_adjust.o) (__appExit)
/opt/devkitpro/libctru/lib/libctru.a(ctru_exit.o)
                              /opt/devkitpro/libctru/lib/libctru.a(stack_adjust.o) (__libctru_exit)
/opt/devkitpro/libctru/lib/libctru.a(env.o)
                              /opt/devkitpro/libctru/lib/libctru.a(srv.o) (envGetHandle)
/opt/devkitpro/libctru/lib/libctru.a(sdmc_dev.o)
                              /opt/devkitpro/libctru/lib/libctru.a(appInit.o) (sdmcInit)
/opt/devkitpro/libctru/lib/libctru.a(fs.o)
                              /opt/devkitpro/libctru/lib/libctru.a(appInit.o) (fsInit)
[...]
Memory Configuration

Name             Origin             Length             Attributes
*default*        0x0000000000000000 0xffffffffffffffff

Linker script and memory map

                0x0000000000100000                PROVIDE (__start__, 0x100000)
                0x0000000000100000                . = __start__

.text           0x0000000000100000    0x2ab38
 *(.crt0)
 .crt0          0x0000000000100000       0x94 /opt/devkitpro/devkitARM/lib/gcc/arm-none-eabi/7.1.0/../../../../arm-none-eabi/lib/armv6k/fpu/3dsx_crt0.o
                0x0000000000100000                _start
                0x0000000000100008                __service_ptr
                0x000000000010000c                __apt_appid
                0x0000000000100010                __heap_size
                0x0000000000100014                __linear_heap_size
                0x0000000000100018                __system_arglist
                0x000000000010001c                __system_runflags
 *(.init)
 .init          0x0000000000100094        0xc /opt/devkitpro/devkitARM/lib/gcc/arm-none-eabi/7.1.0/armv6k/fpu/crti.o
                0x0000000000100094                _init
 .init          0x00000000001000a0        0xc /opt/devkitpro/devkitARM/lib/gcc/arm-none-eabi/7.1.0/armv6k/fpu/crtn.o
                0x00000000001000ac                . = ALIGN (0x4)
 *(.text)
 .text          0x00000000001000ac       0x64 /opt/devkitpro/libctru/lib/libctru.a(stack_adjust.o)
                0x00000000001000ac                initSystem
                0x00000000001000f0                __ctru_exit
 .text          0x0000000000100110      0x240 /opt/devkitpro/devkitARM/lib/gcc/arm-none-eabi/7.1.0/armv6k/fpu/libgcc.a(_divsi3.o)
                0x0000000000100110                __aeabi_idiv
                0x0000000000100110                __divsi3
                0x0000000000100330                __aeabi_idivmod
 .text          0x0000000000100350        0x4 /opt/devkitpro/devkitARM/lib/gcc/arm-none-eabi/7.1.0/armv6k/fpu/libgcc.a(_dvmd_tls.o)
                0x0000000000100350                __aeabi_ldiv0
                0x0000000000100350                __aeabi_idiv0
 .text          0x0000000000100354       0x3c /opt/devkitpro/devkitARM/lib/gcc/arm-none-eabi/7.1.0/armv6k/fpu/libgcc.a(_aeabi_uldivmod.o)
                0x0000000000100354                __aeabi_uldivmod
 *fill*         0x0000000000100390       0x10 
 .text          0x00000000001003a0      0x390 /opt/devkitpro/devkitARM/lib/gcc/arm-none-eabi/7.1.0/../../../../arm-none-eabi/lib/armv6k/fpu/libg.a(lib_a-strcmp.o)
                0x00000000001003a8                strcmp
 .text          0x0000000000100730      0x20c /opt/devkitpro/devkitARM/lib/gcc/arm-none-eabi/7.1.0/armv6k/fpu/libgcc.a(_udivsi3.o)
                0x0000000000100730                __udivsi3
                0x0000000000100730                __aeabi_uidiv
                0x000000000010091c                __aeabi_uidivmod
 *(.text.*)
 .text.deregister_tm_clones
                0x000000000010093c       0x2c /opt/devkitpro/devkitARM/lib/gcc/arm-none-eabi/7.1.0/armv6k/fpu/crtbegin.o
 .text.register_tm_clones
                0x0000000000100968       0x38 /opt/devkitpro/devkitARM/lib/gcc/arm-none-eabi/7.1.0/armv6k/fpu/crtbegin.o
 .text.__do_global_dtors_aux
                0x00000000001009a0       0x44 /opt/devkitpro/devkitARM/lib/gcc/arm-none-eabi/7.1.0/armv6k/fpu/crtbegin.o
 .text.frame_dummy
                0x00000000001009e4       0x34 /opt/devkitpro/devkitARM/lib/gcc/arm-none-eabi/7.1.0/armv6k/fpu/crtbegin.o
 .text.startup.main
                0x0000000000100a18       0xa8 main.o
                0x0000000000100a18                main
 .text.consoleSelect
                0x0000000000100ac0       0x18 /opt/devkitpro/libctru/lib/libctru.a(console.o)
                0x0000000000100ac0                consoleSelect
 .text.consoleDrawChar
                0x0000000000100ad8      0x1c0 /opt/devkitpro/libctru/lib/libctru.a(console.o)
                0x0000000000100ad8                consoleDrawChar
 .text.consolePrintChar
                0x0000000000100c98      0x128 /opt/devkitpro/libctru/lib/libctru.a(console.o)
                0x0000000000100c98                consolePrintChar
 .text.consoleCls
                0x0000000000100dc0      0x184 /opt/devkitpro/libctru/lib/libctru.a(console.o)
 .text.consoleInit
                0x0000000000100f44      0x104 /opt/devkitpro/libctru/lib/libctru.a(console.o)
                0x0000000000100f44                consoleInit
 .text.consoleClearLine
                0x0000000000101048      0x138 /opt/devkitpro/libctru/lib/libctru.a(console.o)
 .text.newRow   0x0000000000101180       0xc0 /opt/devkitpro/libctru/lib/libctru.a(console.o)
 .text.con_write
                0x0000000000101240      0x810 /opt/devkitpro/libctru/lib/libctru.a(console.o)
                0x0000000000101240                con_write
 .text.gfxSetFramebufferInfo.part.0
                0x0000000000101a50       0x8c /opt/devkitpro/libctru/lib/libctru.a(gfx.o)
 .text.__get_bytes_per_pixel
                0x0000000000101adc       0x18 /opt/devkitpro/libctru/lib/libctru.a(gfx.o)
                0x0000000000101adc                __get_bytes_per_pixel
 .text.gfxSetScreenFormat
                0x0000000000101af4      0x184 /opt/devkitpro/libctru/lib/libctru.a(gfx.o)
                0x0000000000101af4                gfxSetScreenFormat
 .text.gfxSetDoubleBuffering
                0x0000000000101c78       0x10 /opt/devkitpro/libctru/lib/libctru.a(gfx.o)
                0x0000000000101c78                gfxSetDoubleBuffering
 .text.gfxSetFramebufferInfo
                0x0000000000101c88       0x6c /opt/devkitpro/libctru/lib/libctru.a(gfx.o)
                0x0000000000101c88                gfxSetFramebufferInfo
 .text.gfxWriteFramebufferInfo
                0x0000000000101cf4       0xb0 /opt/devkitpro/libctru/lib/libctru.a(gfx.o)
                0x0000000000101cf4                gfxWriteFramebufferInfo
 .text.gfxInit  0x0000000000101da4      0x210 /opt/devkitpro/libctru/lib/libctru.a(gfx.o)
                0x0000000000101da4                gfxInit
 .text.gfxInitDefault
                0x0000000000101fb4       0x10 /opt/devkitpro/libctru/lib/libctru.a(gfx.o)
                0x0000000000101fb4                gfxInitDefault
 .text.gfxExit  0x0000000000101fc4       0xe0 /opt/devkitpro/libctru/lib/libctru.a(gfx.o)
                0x0000000000101fc4                gfxExit
 .text.gfxGetFramebuffer
                0x00000000001020a4       0xa8 /opt/devkitpro/libctru/lib/libctru.a(gfx.o)
                0x00000000001020a4                gfxGetFramebuffer
 .text.gfxFlushBuffers
                0x000000000010214c       0xe8 /opt/devkitpro/libctru/lib/libctru.a(gfx.o)
                0x000000000010214c                gfxFlushBuffers
 .text.gfxConfigScreen
                0x0000000000102234       0x60 /opt/devkitpro/libctru/lib/libctru.a(gfx.o)
                0x0000000000102234                gfxConfigScreen
 .text.gfxSwapBuffers
                0x0000000000102294       0x20 /opt/devkitpro/libctru/lib/libctru.a(gfx.o)
                0x0000000000102294                gfxSwapBuffers
 .text.gfxSwapBuffersGpu
                0x00000000001022b4       0x20 /opt/devkitpro/libctru/lib/libctru.a(gfx.o)
                0x00000000001022b4                gfxSwapBuffersGpu
 .text.gspInit  0x00000000001022d4       0x74 /opt/devkitpro/libctru/lib/libctru.a(gspgpu.o)
                0x00000000001022d4                gspInit
 .text.gspExit  0x0000000000102348       0x3c /opt/devkitpro/libctru/lib/libctru.a(gspgpu.o)
                0x0000000000102348                gspExit
 .text.gspInitEventHandler
                0x0000000000102384       0xa0 /opt/devkitpro/libctru/lib/libctru.a(gspgpu.o)
                0x0000000000102384                gspInitEventHandler
 .text.gspExitEventHandler
                0x0000000000102424       0x40 /opt/devkitpro/libctru/lib/libctru.a(gspgpu.o)
                0x0000000000102424                gspExitEventHandler
 .text.gspWaitForEvent
                0x0000000000102464       0x44 /opt/devkitpro/libctru/lib/libctru.a(gspgpu.o)
                0x0000000000102464                gspWaitForEvent
 .text.gxCmdQueueInterrupt
                0x00000000001024a8        0x4 /opt/devkitpro/libctru/lib/libctru.a(gspgpu.o)
                0x00000000001024a8                gxCmdQueueInterrupt
 .text.gspEventThreadMain
                0x00000000001024ac      0x174 /opt/devkitpro/libctru/lib/libctru.a(gspgpu.o)
 .text.GSPGPU_SetBufferSwap
                0x0000000000102620       0x6c /opt/devkitpro/libctru/lib/libctru.a(gspgpu.o)
                0x0000000000102620                GSPGPU_SetBufferSwap
 .text.GSPGPU_FlushDataCache
                0x000000000010268c       0x4c /opt/devkitpro/libctru/lib/libctru.a(gspgpu.o)
                0x000000000010268c                GSPGPU_FlushDataCache
 .text.GSPGPU_SetLcdForceBlack
                0x00000000001026d8       0x34 /opt/devkitpro/libctru/lib/libctru.a(gspgpu.o)
                0x00000000001026d8                GSPGPU_SetLcdForceBlack
 .text.GSPGPU_RegisterInterruptRelayQueue
                0x000000000010270c       0x64 /opt/devkitpro/libctru/lib/libctru.a(gspgpu.o)
                0x000000000010270c                GSPGPU_RegisterInterruptRelayQueue
 .text.GSPGPU_UnregisterInterruptRelayQueue
                0x0000000000102770       0x2c /opt/devkitpro/libctru/lib/libctru.a(gspgpu.o)
                0x0000000000102770                GSPGPU_UnregisterInterruptRelayQueue
 .text.GSPGPU_AcquireRight
                0x000000000010279c       0x48 /opt/devkitpro/libctru/lib/libctru.a(gspgpu.o)
                0x000000000010279c                GSPGPU_AcquireRight
 .text.GSPGPU_ReleaseRight
                0x00000000001027e4       0x2c /opt/devkitpro/libctru/lib/libctru.a(gspgpu.o)
                0x00000000001027e4                GSPGPU_ReleaseRight
 .text.GSPGPU_ImportDisplayCaptureInfo
                0x0000000000102810       0x80 /opt/devkitpro/libctru/lib/libctru.a(gspgpu.o)
                0x0000000000102810                GSPGPU_ImportDisplayCaptureInfo
 .text.GSPGPU_SaveVramSysArea
                0x0000000000102890       0x2c /opt/devkitpro/libctru/lib/libctru.a(gspgpu.o)
                0x0000000000102890                GSPGPU_SaveVramSysArea
 .text.GSPGPU_RestoreVramSysArea
                0x00000000001028bc       0x2c /opt/devkitpro/libctru/lib/libctru.a(gspgpu.o)
                0x00000000001028bc                GSPGPU_RestoreVramSysArea
 .text._aptDebug
                0x00000000001028e8        0x4 /opt/devkitpro/libctru/lib/libctru.a(apt.o)
                0x00000000001028e8                _aptDebug
 .text.aptSendCommand
                0x00000000001028ec      0x15c /opt/devkitpro/libctru/lib/libctru.a(apt.o)
                0x00000000001028ec                aptSendCommand
 .text.aptExitProcess
                0x0000000000102a48       0x3c /opt/devkitpro/libctru/lib/libctru.a(apt.o)
 .text.APT_InquireNotification
                0x0000000000102a84       0x4c /opt/devkitpro/libctru/lib/libctru.a(apt.o)
                0x0000000000102a84                APT_InquireNotification
 .text.aptEventHandler
                0x0000000000102ad0      0x19c /opt/devkitpro/libctru/lib/libctru.a(apt.o)
 .text.APT_AppletUtility
                0x0000000000102c6c       0x74 /opt/devkitpro/libctru/lib/libctru.a(apt.o)
                0x0000000000102c6c                APT_AppletUtility
 .text.aptSetSleepAllowed
                0x0000000000102ce0       0xb0 /opt/devkitpro/libctru/lib/libctru.a(apt.o)
                0x0000000000102ce0                aptSetSleepAllowed
 .text.APT_GlanceParameter
                0x0000000000102d90       0xb0 /opt/devkitpro/libctru/lib/libctru.a(apt.o)
                0x0000000000102d90                APT_GlanceParameter
 .text.APT_ReceiveParameter
                0x0000000000102e40       0xc4 /opt/devkitpro/libctru/lib/libctru.a(apt.o)
                0x0000000000102e40                APT_ReceiveParameter
 .text.aptReceiveParameter.constprop.1
                0x0000000000102f04       0xbc /opt/devkitpro/libctru/lib/libctru.a(apt.o)
 .text.aptScreenTransfer
                0x0000000000102fc0      0x1e8 /opt/devkitpro/libctru/lib/libctru.a(apt.o)
 .text.aptWaitForWakeUp
                0x00000000001031a8      0x210 /opt/devkitpro/libctru/lib/libctru.a(apt.o)
 .text.APT_CancelParameter
                0x00000000001033b8       0x70 /opt/devkitpro/libctru/lib/libctru.a(apt.o)
                0x00000000001033b8                APT_CancelParameter
 .text.aptInit  0x0000000000103428      0x270 /opt/devkitpro/libctru/lib/libctru.a(apt.o)
                0x0000000000103428                aptInit
 .text.aptClearParamQueue
                0x0000000000103698       0x88 /opt/devkitpro/libctru/lib/libctru.a(apt.o)
 .text.aptMainLoop.part.0
                0x0000000000103720      0x1e4 /opt/devkitpro/libctru/lib/libctru.a(apt.o)
 .text.aptMainLoop
                0x0000000000103904       0x1c /opt/devkitpro/libctru/lib/libctru.a(apt.o)
                0x0000000000103904                aptMainLoop
 .text.aptExit  0x0000000000103920      0x24c /opt/devkitpro/libctru/lib/libctru.a(apt.o)
                0x0000000000103920                aptExit
 .text.APT_CheckNew3DS
                0x0000000000103b6c       0x7c /opt/devkitpro/libctru/lib/libctru.a(apt.o)
                0x0000000000103b6c                APT_CheckNew3DS
 .text.hidExit  0x0000000000103be8       0xd0 /opt/devkitpro/libctru/lib/libctru.a(hid.o)
                0x0000000000103be8                hidExit
 .text.hidScanInput
                0x0000000000103cb8      0x26c /opt/devkitpro/libctru/lib/libctru.a(hid.o)
                0x0000000000103cb8                hidScanInput
 .text.hidKeysDown
                0x0000000000103f24       0x10 /opt/devkitpro/libctru/lib/libctru.a(hid.o)
                0x0000000000103f24                hidKeysDown
 .text.HIDUSER_GetHandles
                0x0000000000103f34       0x90 /opt/devkitpro/libctru/lib/libctru.a(hid.o)
                0x0000000000103f34                HIDUSER_GetHandles
 .text.hidInit  0x0000000000103fc4      0x1a8 /opt/devkitpro/libctru/lib/libctru.a(hid.o)
                0x0000000000103fc4                hidInit
 .text.__libctru_init
                0x000000000010416c       0x38 /opt/devkitpro/libctru/lib/libctru.a(initSystem.o)
                0x000000000010416c                __libctru_init
 .text.__ctru_get_reent
                0x00000000001041a4       0x30 /opt/devkitpro/libctru/lib/libctru.a(syscalls.o)
 .text.__system_initSyscalls
                0x00000000001041d4       0xe4 /opt/devkitpro/libctru/lib/libctru.a(syscalls.o)
                0x00000000001041d4                __system_initSyscalls
 .text.__system_allocateHeaps
                0x00000000001042b8      0x104 /opt/devkitpro/libctru/lib/libctru.a(allocateHeaps.o)
                0x00000000001042b8                __system_allocateHeaps
 .text.__system_initArgv
                0x00000000001043bc       0xec /opt/devkitpro/libctru/lib/libctru.a(initArgv.o)
                0x00000000001043bc                __system_initArgv
 .text.svcControlMemory
                0x00000000001044a8       0x20 /opt/devkitpro/libctru/lib/libctru.a(svc.o)
                0x00000000001044a8                svcControlMemory
 .text.svcExitProcess
                0x00000000001044c8        0x8 /opt/devkitpro/libctru/lib/libctru.a(svc.o)
                0x00000000001044c8                svcExitProcess
 .text.svcCreateThread
                0x00000000001044d0       0x20 /opt/devkitpro/libctru/lib/libctru.a(svc.o)
                0x00000000001044d0                svcCreateThread
 .text.svcExitThread
                0x00000000001044f0        0x8 /opt/devkitpro/libctru/lib/libctru.a(svc.o)
                0x00000000001044f0                svcExitThread
 .text.svcSleepThread
                0x00000000001044f8        0x8 /opt/devkitpro/libctru/lib/libctru.a(svc.o)
                0x00000000001044f8                svcSleepThread
 .text.svcReleaseMutex
                0x0000000000104500        0x8 /opt/devkitpro/libctru/lib/libctru.a(svc.o)
                0x0000000000104500                svcReleaseMutex
 .text.svcCreateEvent
                0x0000000000104508       0x14 /opt/devkitpro/libctru/lib/libctru.a(svc.o)
                0x0000000000104508                svcCreateEvent
 .text.svcSignalEvent
                0x000000000010451c        0x8 /opt/devkitpro/libctru/lib/libctru.a(svc.o)
                0x000000000010451c                svcSignalEvent
 .text.svcClearEvent
                0x0000000000104524        0x8 /opt/devkitpro/libctru/lib/libctru.a(svc.o)
                0x0000000000104524                svcClearEvent
 .text.svcMapMemoryBlock
                0x000000000010452c        0x8 /opt/devkitpro/libctru/lib/libctru.a(svc.o)
                0x000000000010452c                svcMapMemoryBlock
 .text.svcUnmapMemoryBlock
                0x0000000000104534        0x8 /opt/devkitpro/libctru/lib/libctru.a(svc.o)
                0x0000000000104534                svcUnmapMemoryBlock
 .text.svcCreateAddressArbiter
                0x000000000010453c       0x14 /opt/devkitpro/libctru/lib/libctru.a(svc.o)
                0x000000000010453c                svcCreateAddressArbiter
 .text.svcArbitrateAddress
                0x0000000000104550       0x18 /opt/devkitpro/libctru/lib/libctru.a(svc.o)
                0x0000000000104550                svcArbitrateAddress
 .text.svcCloseHandle
                0x0000000000104568        0x8 /opt/devkitpro/libctru/lib/libctru.a(svc.o)
                0x0000000000104568                svcCloseHandle
 .text.svcWaitSynchronization
                0x0000000000104570        0x8 /opt/devkitpro/libctru/lib/libctru.a(svc.o)
                0x0000000000104570                svcWaitSynchronization
 .text.svcWaitSynchronizationN
                0x0000000000104578       0x28 /opt/devkitpro/libctru/lib/libctru.a(svc.o)
                0x0000000000104578                svcWaitSynchronizationN
 .text.svcDuplicateHandle
                0x00000000001045a0       0x14 /opt/devkitpro/libctru/lib/libctru.a(svc.o)
                0x00000000001045a0                svcDuplicateHandle
 .text.svcGetSystemTick
                0x00000000001045b4        0x8 /opt/devkitpro/libctru/lib/libctru.a(svc.o)
                0x00000000001045b4                svcGetSystemTick
 .text.svcGetSystemInfo
                0x00000000001045bc       0x18 /opt/devkitpro/libctru/lib/libctru.a(svc.o)
                0x00000000001045bc                svcGetSystemInfo
 .text.svcConnectToPort
                0x00000000001045d4       0x14 /opt/devkitpro/libctru/lib/libctru.a(svc.o)
                0x00000000001045d4                svcConnectToPort
 .text.svcSendSyncRequest
                0x00000000001045e8        0x8 /opt/devkitpro/libctru/lib/libctru.a(svc.o)
                0x00000000001045e8                svcSendSyncRequest
 .text.svcBreak
                0x00000000001045f0        0x8 /opt/devkitpro/libctru/lib/libctru.a(svc.o)
                0x00000000001045f0                svcBreak
 .text._ZL21addrMapNodeComparatorPK11rbtree_nodeS1_
                0x00000000001045f8       0x24 /opt/devkitpro/libctru/lib/libctru.a(vram.o)
 .text._ZL21addrMapNodeDestructorP11rbtree_node
                0x000000000010461c        0x4 /opt/devkitpro/libctru/lib/libctru.a(vram.o)
 .text.vramMemAlign
                0x0000000000104620      0x110 /opt/devkitpro/libctru/lib/libctru.a(vram.o)
                0x0000000000104620                vramMemAlign
 .text.vramAlloc
                0x0000000000104730        0x8 /opt/devkitpro/libctru/lib/libctru.a(vram.o)
                0x0000000000104730                vramAlloc
 .text.vramFree
                0x0000000000104738       0x50 /opt/devkitpro/libctru/lib/libctru.a(vram.o)
                0x0000000000104738                vramFree
 .text._ZL21addrMapNodeComparatorPK11rbtree_nodeS1_
                0x0000000000104788       0x24 /opt/devkitpro/libctru/lib/libctru.a(mappable.o)
 .text._ZL21addrMapNodeDestructorP11rbtree_node
                0x00000000001047ac        0x4 /opt/devkitpro/libctru/lib/libctru.a(mappable.o)
 .text.mappableAlloc
                0x00000000001047b0       0xe4 /opt/devkitpro/libctru/lib/libctru.a(mappable.o)
                0x00000000001047b0                mappableAlloc
 .text.mappableFree
                0x0000000000104894       0x50 /opt/devkitpro/libctru/lib/libctru.a(mappable.o)
                0x0000000000104894                mappableFree
 .text._ZL21addrMapNodeComparatorPK11rbtree_nodeS1_
                0x00000000001048e4       0x24 /opt/devkitpro/libctru/lib/libctru.a(linear.o)
 .text._ZL21addrMapNodeDestructorP11rbtree_node
                0x0000000000104908        0x4 /opt/devkitpro/libctru/lib/libctru.a(linear.o)
 .text.linearMemAlign
                0x000000000010490c      0x11c /opt/devkitpro/libctru/lib/libctru.a(linear.o)
                0x000000000010490c                linearMemAlign
 .text.linearAlloc
                0x0000000000104a28        0x8 /opt/devkitpro/libctru/lib/libctru.a(linear.o)
                0x0000000000104a28                linearAlloc
 .text.linearFree
                0x0000000000104a30       0x50 /opt/devkitpro/libctru/lib/libctru.a(linear.o)
                0x0000000000104a30                linearFree
 .text._ZN7MemPool13CoalesceRightEP8MemBlock
                0x0000000000104a80       0x98 /opt/devkitpro/libctru/lib/libctru.a(mem_pool.o)
                0x0000000000104a80                MemPool::CoalesceRight(MemBlock*)
 .text._ZN7MemPool8AllocateER8MemChunkmi
                0x0000000000104b18      0x16c /opt/devkitpro/libctru/lib/libctru.a(mem_pool.o)
                0x0000000000104b18                MemPool::Allocate(MemChunk&, unsigned long, int)
 .text._ZN7MemPool10DeallocateERK8MemChunk
                0x0000000000104c84       0xfc /opt/devkitpro/libctru/lib/libctru.a(mem_pool.o)
                0x0000000000104c84                MemPool::Deallocate(MemChunk const&)
 .text.LightLock_Unlock.part.1
                0x0000000000104d80       0x34 /opt/devkitpro/libctru/lib/libctru.a(synchronization.o)
 .text.__sync_init
                0x0000000000104db4        0xc /opt/devkitpro/libctru/lib/libctru.a(synchronization.o)
                0x0000000000104db4                __sync_init
 .text.__sync_fini
                0x0000000000104dc0       0x18 /opt/devkitpro/libctru/lib/libctru.a(synchronization.o)
                0x0000000000104dc0                __sync_fini
 .text.__sync_get_arbiter
                0x0000000000104dd8       0x10 /opt/devkitpro/libctru/lib/libctru.a(synchronization.o)
                0x0000000000104dd8                __sync_get_arbiter
 .text.LightLock_Init
                0x0000000000104de8       0x18 /opt/devkitpro/libctru/lib/libctru.a(synchronization.o)
                0x0000000000104de8                LightLock_Init
 .text.LightLock_Lock
                0x0000000000104e00       0x9c /opt/devkitpro/libctru/lib/libctru.a(synchronization.o)
                0x0000000000104e00                LightLock_Lock
 .text.LightLock_TryLock
                0x0000000000104e9c       0x34 /opt/devkitpro/libctru/lib/libctru.a(synchronization.o)
                0x0000000000104e9c                LightLock_TryLock
 .text.LightLock_Unlock
                0x0000000000104ed0       0x20 /opt/devkitpro/libctru/lib/libctru.a(synchronization.o)
                0x0000000000104ed0                LightLock_Unlock
 .text.RecursiveLock_Init
                0x0000000000104ef0       0x24 /opt/devkitpro/libctru/lib/libctru.a(synchronization.o)
                0x0000000000104ef0                RecursiveLock_Init
 .text.RecursiveLock_Lock
                0x0000000000104f14       0x30 /opt/devkitpro/libctru/lib/libctru.a(synchronization.o)
                0x0000000000104f14                RecursiveLock_Lock
 .text.RecursiveLock_TryLock
                0x0000000000104f44       0x58 /opt/devkitpro/libctru/lib/libctru.a(synchronization.o)
                0x0000000000104f44                RecursiveLock_TryLock
 .text.RecursiveLock_Unlock
                0x0000000000104f9c       0x38 /opt/devkitpro/libctru/lib/libctru.a(synchronization.o)
                0x0000000000104f9c                RecursiveLock_Unlock
 .text.LightEvent_Init
                0x0000000000104fd4       0x38 /opt/devkitpro/libctru/lib/libctru.a(synchronization.o)
                0x0000000000104fd4                LightEvent_Init
 .text.LightEvent_Clear
                0x000000000010500c       0x7c /opt/devkitpro/libctru/lib/libctru.a(synchronization.o)
                0x000000000010500c                LightEvent_Clear
 .text.LightEvent_Signal
                0x0000000000105088       0xdc /opt/devkitpro/libctru/lib/libctru.a(synchronization.o)
                0x0000000000105088                LightEvent_Signal
 .text.LightEvent_Wait
                0x0000000000105164       0xbc /opt/devkitpro/libctru/lib/libctru.a(synchronization.o)
                0x0000000000105164                LightEvent_Wait
 .text.getSysTime
                0x0000000000105220       0x58 /opt/devkitpro/libctru/lib/libctru.a(os.o)
 .text.__ctru_speedup_config.part.0
                0x0000000000105278       0x28 /opt/devkitpro/libctru/lib/libctru.a(os.o)
 .text.osGetMemRegionUsed
                0x00000000001052a0       0x24 /opt/devkitpro/libctru/lib/libctru.a(os.o)
                0x00000000001052a0                osGetMemRegionUsed
 *fill*         0x00000000001052c4        0x4 
 .text.__libctru_gtod
                0x00000000001052c8      0x128 /opt/devkitpro/libctru/lib/libctru.a(os.o)
                0x00000000001052c8                __libctru_gtod
 .text.__ctru_speedup_config
                0x00000000001053f0       0x18 /opt/devkitpro/libctru/lib/libctru.a(os.o)
                0x00000000001053f0                __ctru_speedup_config
 .text.srvExit  0x0000000000105408       0x58 /opt/devkitpro/libctru/lib/libctru.a(srv.o)
                0x0000000000105408                srvExit
 .text.srvRegisterClient
                0x0000000000105460       0x38 /opt/devkitpro/libctru/lib/libctru.a(srv.o)
                0x0000000000105460                srvRegisterClient
 .text.srvInit  0x0000000000105498       0xc4 /opt/devkitpro/libctru/lib/libctru.a(srv.o)
                0x0000000000105498                srvInit
 .text.srvGetServiceHandleDirect
                0x000000000010555c       0x6c /opt/devkitpro/libctru/lib/libctru.a(srv.o)
                0x000000000010555c                srvGetServiceHandleDirect
 .text.srvGetServiceHandle
                0x00000000001055c8       0x38 /opt/devkitpro/libctru/lib/libctru.a(srv.o)
                0x00000000001055c8                srvGetServiceHandle
 .text.threadFree.part.0
                0x0000000000105600       0x1c /opt/devkitpro/libctru/lib/libctru.a(thread.o)
 .text.threadCreate
                0x000000000010561c      0x1ac /opt/devkitpro/libctru/lib/libctru.a(thread.o)
                0x000000000010561c                threadCreate
 .text.threadJoin
                0x00000000001057c8       0x24 /opt/devkitpro/libctru/lib/libctru.a(thread.o)
                0x00000000001057c8                threadJoin
 .text.threadExit
                0x00000000001057ec       0x64 /opt/devkitpro/libctru/lib/libctru.a(thread.o)
                0x00000000001057ec                threadExit
 .text._thread_begin
                0x0000000000105850       0x40 /opt/devkitpro/libctru/lib/libctru.a(thread.o)
 .text.irrstScanInput
                0x0000000000105890       0xac /opt/devkitpro/libctru/lib/libctru.a(irrst.o)
                0x0000000000105890                irrstScanInput
 .text.irrstKeysHeld
                0x000000000010593c       0x24 /opt/devkitpro/libctru/lib/libctru.a(irrst.o)
                0x000000000010593c                irrstKeysHeld
 .text.IRRST_GetHandles
                0x0000000000105960       0x50 /opt/devkitpro/libctru/lib/libctru.a(irrst.o)
                0x0000000000105960                IRRST_GetHandles
 .text.irrstInit
                0x00000000001059b0      0x158 /opt/devkitpro/libctru/lib/libctru.a(irrst.o)
                0x00000000001059b0                irrstInit
 .text.IRRST_Shutdown
                0x0000000000105b08       0x2c /opt/devkitpro/libctru/lib/libctru.a(irrst.o)
                0x0000000000105b08                IRRST_Shutdown
 .text.irrstExit
                0x0000000000105b34       0xac /opt/devkitpro/libctru/lib/libctru.a(irrst.o)
                0x0000000000105b34                irrstExit
 .text.srvPmGetSessionHandle
                0x0000000000105be0        0xc /opt/devkitpro/libctru/lib/libctru.a(srvpm.o)
                0x0000000000105be0                srvPmGetSessionHandle
 .text.ptmSysmInit
                0x0000000000105bec       0x74 /opt/devkitpro/libctru/lib/libctru.a(ptmsysm.o)
                0x0000000000105bec                ptmSysmInit
 .text.ptmSysmExit
                0x0000000000105c60       0x3c /opt/devkitpro/libctru/lib/libctru.a(ptmsysm.o)
                0x0000000000105c60                ptmSysmExit
 .text.PTMSYSM_ConfigureNew3DSCPU
                0x0000000000105c9c       0x34 /opt/devkitpro/libctru/lib/libctru.a(ptmsysm.o)
                0x0000000000105c9c                PTMSYSM_ConfigureNew3DSCPU
 .text.rbtree_init
                0x0000000000105cd0       0x14 /opt/devkitpro/libctru/lib/libctru.a(rbtree_init.o)
                0x0000000000105cd0                rbtree_init
 .text.do_insert
                0x0000000000105ce4      0x18c /opt/devkitpro/libctru/lib/libctru.a(rbtree_insert.o)
 .text.rbtree_insert
                0x0000000000105e70        0x8 /opt/devkitpro/libctru/lib/libctru.a(rbtree_insert.o)
                0x0000000000105e70                rbtree_insert
 .text.rbtree_rotate
                0x0000000000105e78       0x94 /opt/devkitpro/libctru/lib/libctru.a(rbtree_rotate.o)
                0x0000000000105e78                rbtree_rotate
 .text.rbtree_remove
                0x0000000000105f0c      0x32c /opt/devkitpro/libctru/lib/libctru.a(rbtree_remove.o)
                0x0000000000105f0c                rbtree_remove
 .text.rbtree_find
                0x0000000000106238       0x6c /opt/devkitpro/libctru/lib/libctru.a(rbtree_find.o)
                0x0000000000106238                rbtree_find
 .text.__appInit
                0x00000000001062a4       0x1c /opt/devkitpro/libctru/lib/libctru.a(appInit.o)
                0x00000000001062a4                __appInit
 .text.__appExit
                0x00000000001062c0       0x1c /opt/devkitpro/libctru/lib/libctru.a(appExit.o)
                0x00000000001062c0                __appExit
 .text.__libctru_exit
                0x00000000001062dc       0xa4 /opt/devkitpro/libctru/lib/libctru.a(ctru_exit.o)
                0x00000000001062dc                __libctru_exit
 .text.envGetHandle
                0x0000000000106380       0x84 /opt/devkitpro/libctru/lib/libctru.a(env.o)
                0x0000000000106380                envGetHandle
 .text.envDestroyHandles
                0x0000000000106404       0x4c /opt/devkitpro/libctru/lib/libctru.a(env.o)
                0x0000000000106404                envDestroyHandles
 .text.sdmc_link
                0x0000000000106450       0x10 /opt/devkitpro/libctru/lib/libctru.a(sdmc_dev.o)
 .text.sdmc_dirreset
                0x0000000000106460       0x10 /opt/devkitpro/libctru/lib/libctru.a(sdmc_dev.o)
 .text.sdmc_chmod
                0x0000000000106470       0x10 /opt/devkitpro/libctru/lib/libctru.a(sdmc_dev.o)
 .text.error_cmp
                0x0000000000106480       0x24 /opt/devkitpro/libctru/lib/libctru.a(sdmc_dev.o)
 .text.sdmc_translate_error
                0x00000000001064a4       0x50 /opt/devkitpro/libctru/lib/libctru.a(sdmc_dev.o)
 .text.sdmc_fsync
                0x00000000001064f4       0x34 /opt/devkitpro/libctru/lib/libctru.a(sdmc_dev.o)
 .text.sdmc_ftruncate
                0x0000000000106528       0x54 /opt/devkitpro/libctru/lib/libctru.a(sdmc_dev.o)
 .text.sdmc_statvfs
                0x000000000010657c       0xb8 /opt/devkitpro/libctru/lib/libctru.a(sdmc_dev.o)
 .text.sdmc_dirclose
                0x0000000000106634       0x38 /opt/devkitpro/libctru/lib/libctru.a(sdmc_dev.o)
 .text.sdmc_dirnext
                0x000000000010666c      0x138 /opt/devkitpro/libctru/lib/libctru.a(sdmc_dev.o)
 .text.sdmc_close
                0x00000000001067a4       0x34 /opt/devkitpro/libctru/lib/libctru.a(sdmc_dev.o)
 .text.sdmc_fstat
                0x00000000001067d8       0x74 /opt/devkitpro/libctru/lib/libctru.a(sdmc_dev.o)
 .text.sdmc_seek
                0x000000000010684c       0xd0 /opt/devkitpro/libctru/lib/libctru.a(sdmc_dev.o)
 .text.sdmc_read
                0x000000000010691c       0x84 /opt/devkitpro/libctru/lib/libctru.a(sdmc_dev.o)
 .text.sdmc_write
                0x00000000001069a0       0xc0 /opt/devkitpro/libctru/lib/libctru.a(sdmc_dev.o)
 .text.sdmc_utf16path
                0x0000000000106a60      0x1a8 /opt/devkitpro/libctru/lib/libctru.a(sdmc_dev.o)
 .text.sdmc_rmdir
                0x0000000000106c08       0x74 /opt/devkitpro/libctru/lib/libctru.a(sdmc_dev.o)
 .text.sdmc_diropen
                0x0000000000106c7c       0xa0 /opt/devkitpro/libctru/lib/libctru.a(sdmc_dev.o)
 .text.sdmc_chdir
                0x0000000000106d1c       0xa0 /opt/devkitpro/libctru/lib/libctru.a(sdmc_dev.o)
 .text.sdmc_mkdir
                0x0000000000106dbc       0x98 /opt/devkitpro/libctru/lib/libctru.a(sdmc_dev.o)
 .text.sdmc_rename
                0x0000000000106e54      0x108 /opt/devkitpro/libctru/lib/libctru.a(sdmc_dev.o)
 .text.sdmc_unlink
                0x0000000000106f5c       0x74 /opt/devkitpro/libctru/lib/libctru.a(sdmc_dev.o)
 .text.sdmc_stat
                0x0000000000106fd0      0x108 /opt/devkitpro/libctru/lib/libctru.a(sdmc_dev.o)
 .text.sdmc_open
                0x00000000001070d8      0x198 /opt/devkitpro/libctru/lib/libctru.a(sdmc_dev.o)
 .text.sdmc_fchmod
                0x0000000000107270       0x10 /opt/devkitpro/libctru/lib/libctru.a(sdmc_dev.o)
 .text.sdmcInit
                0x0000000000107280      0x168 /opt/devkitpro/libctru/lib/libctru.a(sdmc_dev.o)
                0x0000000000107280                sdmcInit
 .text.sdmcExit
                0x00000000001073e8       0x60 /opt/devkitpro/libctru/lib/libctru.a(sdmc_dev.o)
                0x00000000001073e8                sdmcExit
 .text.fsSessionForArchive.part.0
                0x0000000000107448       0x28 /opt/devkitpro/libctru/lib/libctru.a(fs.o)
 .text.fsInit   0x0000000000107470       0xd0 /opt/devkitpro/libctru/lib/libctru.a(fs.o)
                0x0000000000107470                fsInit
 .text.fsExit   0x0000000000107540       0x3c /opt/devkitpro/libctru/lib/libctru.a(fs.o)
                0x0000000000107540                fsExit
 .text.fsExemptFromSession
                0x000000000010757c       0x74 /opt/devkitpro/libctru/lib/libctru.a(fs.o)
                0x000000000010757c                fsExemptFromSession
 .text.fsUnexemptFromSession
                0x00000000001075f0       0x50 /opt/devkitpro/libctru/lib/libctru.a(fs.o)
                0x00000000001075f0                fsUnexemptFromSession
 .text.FSUSER_OpenFile
                0x0000000000107640       0xc0 /opt/devkitpro/libctru/lib/libctru.a(fs.o)
                0x0000000000107640                FSUSER_OpenFile
 .text.FSUSER_DeleteFile
                0x0000000000107700       0xa8 /opt/devkitpro/libctru/lib/libctru.a(fs.o)
                0x0000000000107700                FSUSER_DeleteFile
 .text.FSUSER_RenameFile
                0x00000000001077a8       0xe0 /opt/devkitpro/libctru/lib/libctru.a(fs.o)
                0x00000000001077a8                FSUSER_RenameFile
 .text.FSUSER_DeleteDirectory
                0x0000000000107888       0xa8 /opt/devkitpro/libctru/lib/libctru.a(fs.o)
                0x0000000000107888                FSUSER_DeleteDirectory
 .text.FSUSER_CreateFile
                0x0000000000107930       0xc0 /opt/devkitpro/libctru/lib/libctru.a(fs.o)
                0x0000000000107930                FSUSER_CreateFile
 .text.FSUSER_CreateDirectory
                0x00000000001079f0       0xb0 /opt/devkitpro/libctru/lib/libctru.a(fs.o)
                0x00000000001079f0                FSUSER_CreateDirectory
 .text.FSUSER_RenameDirectory
                0x0000000000107aa0       0xe0 /opt/devkitpro/libctru/lib/libctru.a(fs.o)
                0x0000000000107aa0                FSUSER_RenameDirectory
 .text.FSUSER_OpenDirectory
                0x0000000000107b80       0xa4 /opt/devkitpro/libctru/lib/libctru.a(fs.o)
                0x0000000000107b80                FSUSER_OpenDirectory
 .text.FSUSER_OpenArchive
                0x0000000000107c24       0x98 /opt/devkitpro/libctru/lib/libctru.a(fs.o)
                0x0000000000107c24                FSUSER_OpenArchive
 .text.FSUSER_CloseArchive
                0x0000000000107cbc       0x74 /opt/devkitpro/libctru/lib/libctru.a(fs.o)
                0x0000000000107cbc                FSUSER_CloseArchive
 .text.FSUSER_GetSdmcArchiveResource
                0x0000000000107d30       0x78 /opt/devkitpro/libctru/lib/libctru.a(fs.o)
                0x0000000000107d30                FSUSER_GetSdmcArchiveResource
 .text.FSUSER_IsSdmcWritable
                0x0000000000107da8       0x64 /opt/devkitpro/libctru/lib/libctru.a(fs.o)
                0x0000000000107da8                FSUSER_IsSdmcWritable
 .text.FSFILE_Read
                0x0000000000107e0c       0x58 /opt/devkitpro/libctru/lib/libctru.a(fs.o)
                0x0000000000107e0c                FSFILE_Read
 .text.FSFILE_Write
                0x0000000000107e64       0x64 /opt/devkitpro/libctru/lib/libctru.a(fs.o)
                0x0000000000107e64                FSFILE_Write
 .text.FSFILE_GetSize
                0x0000000000107ec8       0x38 /opt/devkitpro/libctru/lib/libctru.a(fs.o)
                0x0000000000107ec8                FSFILE_GetSize
 .text.FSFILE_SetSize
                0x0000000000107f00       0x28 /opt/devkitpro/libctru/lib/libctru.a(fs.o)
                0x0000000000107f00                FSFILE_SetSize
 .text.FSFILE_Close
                0x0000000000107f28       0x3c /opt/devkitpro/libctru/lib/libctru.a(fs.o)
                0x0000000000107f28                FSFILE_Close
 .text.FSFILE_Flush
                0x0000000000107f64       0x24 /opt/devkitpro/libctru/lib/libctru.a(fs.o)
                0x0000000000107f64                FSFILE_Flush
 .text.FSDIR_Read
                0x0000000000107f88       0x54 /opt/devkitpro/libctru/lib/libctru.a(fs.o)
                0x0000000000107f88                FSDIR_Read
 .text.FSDIR_Close
                0x0000000000107fdc       0x3c /opt/devkitpro/libctru/lib/libctru.a(fs.o)
                0x0000000000107fdc                FSDIR_Close
 .text.rbtree_node_next
                0x0000000000108018       0x74 /opt/devkitpro/libctru/lib/libctru.a(rbtree_iterator.o)
                0x0000000000108018                rbtree_node_next
 .text.utf16_to_utf8
                0x000000000010808c       0xe8 /opt/devkitpro/libctru/lib/libctru.a(utf16_to_utf8.o)
                0x000000000010808c                utf16_to_utf8
 .text.decode_utf16
                0x0000000000108174       0x60 /opt/devkitpro/libctru/lib/libctru.a(decode_utf16.o)
                0x0000000000108174                decode_utf16
 .text.decode_utf8
                0x00000000001081d4      0x138 /opt/devkitpro/libctru/lib/libctru.a(decode_utf8.o)
                0x00000000001081d4                decode_utf8
 .text.utf8_to_utf16
                0x000000000010830c       0xc0 /opt/devkitpro/libctru/lib/libctru.a(utf8_to_utf16.o)
                0x000000000010830c                utf8_to_utf16
 .text.__aeabi_read_tp
                0x00000000001083cc        0xc /opt/devkitpro/libctru/lib/libctru.a(readtp.o)
                0x00000000001083cc                __aeabi_read_tp
 .text.encode_utf16
                0x00000000001083d8       0x68 /opt/devkitpro/libctru/lib/libctru.a(encode_utf16.o)
                0x00000000001083d8                encode_utf16
 .text.encode_utf8
                0x0000000000108440      0x104 /opt/devkitpro/libctru/lib/libctru.a(encode_utf8.o)
                0x0000000000108440                encode_utf8
 .text.__udivmoddi4
                0x0000000000108544      0x158 /opt/devkitpro/devkitARM/lib/gcc/arm-none-eabi/7.1.0/armv6k/fpu/libgcc.a(_udivmoddi4.o)
                0x0000000000108544                __udivmoddi4
 .text.bsearch  0x000000000010869c       0x74 /opt/devkitpro/devkitARM/lib/gcc/arm-none-eabi/7.1.0/../../../../arm-none-eabi/lib/armv6k/fpu/libg.a(lib_a-bsearch.o)
                0x000000000010869c                bsearch
 .text.__libc_fini_array
                0x0000000000108710       0x40 /opt/devkitpro/devkitARM/lib/gcc/arm-none-eabi/7.1.0/../../../../arm-none-eabi/lib/armv6k/fpu/libg.a(lib_a-fini.o)
                0x0000000000108710                __libc_fini_array
 .text.__libc_init_array
                0x0000000000108750       0x7c /opt/devkitpro/devkitARM/lib/gcc/arm-none-eabi/7.1.0/../../../../arm-none-eabi/lib/armv6k/fpu/libg.a(lib_a-init.o)
                0x0000000000108750                __libc_init_array
 .text.memalign
                0x00000000001087cc       0x20 /opt/devkitpro/devkitARM/lib/gcc/arm-none-eabi/7.1.0/../../../../arm-none-eabi/lib/armv6k/fpu/libg.a(lib_a-malign.o)
                0x00000000001087cc                memalign
 .text._memalign_r
                0x00000000001087ec      0x158 /opt/devkitpro/devkitARM/lib/gcc/arm-none-eabi/7.1.0/../../../../arm-none-eabi/lib/armv6k/fpu/libg.a(lib_a-malignr.o)
                0x00000000001087ec                _memalign_r
 .text.malloc   0x0000000000108944       0x18 /opt/devkitpro/devkitARM/lib/gcc/arm-none-eabi/7.1.0/../../../../arm-none-eabi/lib/armv6k/fpu/libg.a(lib_a-malloc.o)
                0x0000000000108944                malloc
 .text.free     0x000000000010895c       0x18 /opt/devkitpro/devkitARM/lib/gcc/arm-none-eabi/7.1.0/../../../../arm-none-eabi/lib/armv6k/fpu/libg.a(lib_a-malloc.o)
                0x000000000010895c                free
 .text._malloc_r
                0x0000000000108974      0x7a8 /opt/devkitpro/devkitARM/lib/gcc/arm-none-eabi/7.1.0/../../../../arm-none-eabi/lib/armv6k/fpu/libg.a(lib_a-mallocr.o)
                0x0000000000108974                _malloc_r
 .text.memchr   0x000000000010911c      0x100 /opt/devkitpro/devkitARM/lib/gcc/arm-none-eabi/7.1.0/../../../../arm-none-eabi/lib/armv6k/fpu/libg.a(lib_a-memchr-stub.o)
                0x000000000010911c                memchr
 .text.memcpy   0x000000000010921c      0x10c /opt/devkitpro/devkitARM/lib/gcc/arm-none-eabi/7.1.0/../../../../arm-none-eabi/lib/armv6k/fpu/libg.a(lib_a-memcpy-stub.o)
                0x000000000010921c                memcpy
 .text.memset   0x0000000000109328      0x110 /opt/devkitpro/devkitARM/lib/gcc/arm-none-eabi/7.1.0/../../../../arm-none-eabi/lib/armv6k/fpu/libg.a(lib_a-memset.o)
                0x0000000000109328                memset
 .text.__malloc_lock
                0x0000000000109438        0xc /opt/devkitpro/devkitARM/lib/gcc/arm-none-eabi/7.1.0/../../../../arm-none-eabi/lib/armv6k/fpu/libg.a(lib_a-mlock.o)
                0x0000000000109438                __malloc_lock
 .text.__malloc_unlock
                0x0000000000109444        0xc /opt/devkitpro/devkitARM/lib/gcc/arm-none-eabi/7.1.0/../../../../arm-none-eabi/lib/armv6k/fpu/libg.a(lib_a-mlock.o)
                0x0000000000109444                __malloc_unlock
 .text.printf   0x0000000000109450       0x38 /opt/devkitpro/devkitARM/lib/gcc/arm-none-eabi/7.1.0/../../../../arm-none-eabi/lib/armv6k/fpu/libg.a(lib_a-printf.o)
                0x0000000000109450                printf
 .text.setvbuf  0x0000000000109488      0x264 /opt/devkitpro/devkitARM/lib/gcc/arm-none-eabi/7.1.0/../../../../arm-none-eabi/lib/armv6k/fpu/libg.a(lib_a-setvbuf.o)
                0x0000000000109488                setvbuf
 .text.sscanf   0x00000000001096ec       0x74 /opt/devkitpro/devkitARM/lib/gcc/arm-none-eabi/7.1.0/../../../../arm-none-eabi/lib/armv6k/fpu/libg.a(lib_a-sscanf.o)
                0x00000000001096ec                sscanf
 .text.__sread  0x0000000000109760       0x3c /opt/devkitpro/devkitARM/lib/gcc/arm-none-eabi/7.1.0/../../../../arm-none-eabi/lib/armv6k/fpu/libg.a(lib_a-stdio.o)
                0x0000000000109760                __sread
 .text.__seofread
                0x000000000010979c        0x8 /opt/devkitpro/devkitARM/lib/gcc/arm-none-eabi/7.1.0/../../../../arm-none-eabi/lib/armv6k/fpu/libg.a(lib_a-stdio.o)
                0x000000000010979c                __seofread
 .text.__swrite
                0x00000000001097a4       0x64 /opt/devkitpro/devkitARM/lib/gcc/arm-none-eabi/7.1.0/../../../../arm-none-eabi/lib/armv6k/fpu/libg.a(lib_a-stdio.o)
                0x00000000001097a4                __swrite
 .text.__sseek  0x0000000000109808       0x4c /opt/devkitpro/devkitARM/lib/gcc/arm-none-eabi/7.1.0/../../../../arm-none-eabi/lib/armv6k/fpu/libg.a(lib_a-stdio.o)
                0x0000000000109808                __sseek
 .text.__sclose
                0x0000000000109854        0x8 /opt/devkitpro/devkitARM/lib/gcc/arm-none-eabi/7.1.0/../../../../arm-none-eabi/lib/armv6k/fpu/libg.a(lib_a-stdio.o)
                0x0000000000109854                __sclose
 .text.strlen   0x000000000010985c       0x5c /opt/devkitpro/devkitARM/lib/gcc/arm-none-eabi/7.1.0/../../../../arm-none-eabi/lib/armv6k/fpu/libg.a(lib_a-strlen-stub.o)
                0x000000000010985c                strlen
 .text.strncat  0x00000000001098b8       0x98 /opt/devkitpro/devkitARM/lib/gcc/arm-none-eabi/7.1.0/../../../../arm-none-eabi/lib/armv6k/fpu/libg.a(lib_a-strncat.o)
                0x00000000001098b8                strncat
 .text.strncpy  0x0000000000109950       0xd8 /opt/devkitpro/devkitARM/lib/gcc/arm-none-eabi/7.1.0/../../../../arm-none-eabi/lib/armv6k/fpu/libg.a(lib_a-strncpy.o)
                0x0000000000109950                strncpy
 .text.strnlen  0x0000000000109a28       0x5c /opt/devkitpro/devkitARM/lib/gcc/arm-none-eabi/7.1.0/../../../../arm-none-eabi/lib/armv6k/fpu/libg.a(lib_a-strnlen.o)
                0x0000000000109a28                strnlen
 .text.__ssvfscanf_r
                0x0000000000109a84     0x27c8 /opt/devkitpro/devkitARM/lib/gcc/arm-none-eabi/7.1.0/../../../../arm-none-eabi/lib/armv6k/fpu/libg.a(lib_a-svfscanf.o)
                0x0000000000109a84                __ssvfscanf_r
 .text.__sprint_r.part.0
                0x000000000010c24c       0x1c /opt/devkitpro/devkitARM/lib/gcc/arm-none-eabi/7.1.0/../../../../arm-none-eabi/lib/armv6k/fpu/libg.a(lib_a-vfiprintf.o)
 .text.__sprint_r
                0x000000000010c268       0x1c /opt/devkitpro/devkitARM/lib/gcc/arm-none-eabi/7.1.0/../../../../arm-none-eabi/lib/armv6k/fpu/libg.a(lib_a-vfiprintf.o)
                0x000000000010c268                __sprint_r
 .text.get_arg  0x000000000010c284     0x74a0 /opt/devkitpro/devkitARM/lib/gcc/arm-none-eabi/7.1.0/../../../../arm-none-eabi/lib/armv6k/fpu/libg.a(lib_a-vfprintf.o)
 *fill*         0x0000000000113724        0x4 
 .text._vfprintf_r
                0x0000000000113728     0x3fd8 /opt/devkitpro/devkitARM/lib/gcc/arm-none-eabi/7.1.0/../../../../arm-none-eabi/lib/armv6k/fpu/libg.a(lib_a-vfprintf.o)
                0x0000000000113728                _vfprintf_r
 .text.__sbprintf
                0x0000000000117700       0xd0 /opt/devkitpro/devkitARM/lib/gcc/arm-none-eabi/7.1.0/../../../../arm-none-eabi/lib/armv6k/fpu/libg.a(lib_a-vfprintf.o)
 .text._wcrtomb_r
                0x00000000001177d0       0xa0 /opt/devkitpro/devkitARM/lib/gcc/arm-none-eabi/7.1.0/../../../../arm-none-eabi/lib/armv6k/fpu/libg.a(lib_a-wcrtomb.o)
                0x00000000001177d0                _wcrtomb_r
 .text._wcsrtombs_r
                0x0000000000117870       0x20 /opt/devkitpro/devkitARM/lib/gcc/arm-none-eabi/7.1.0/../../../../arm-none-eabi/lib/armv6k/fpu/libg.a(lib_a-wcsrtombs.o)
                0x0000000000117870                _wcsrtombs_r
 .text.__swsetup_r
                0x0000000000117890      0x148 /opt/devkitpro/devkitARM/lib/gcc/arm-none-eabi/7.1.0/../../../../arm-none-eabi/lib/armv6k/fpu/libg.a(lib_a-wsetup.o)
                0x0000000000117890                __swsetup_r
 .text.quorem   0x00000000001179d8      0x1bc /opt/devkitpro/devkitARM/lib/gcc/arm-none-eabi/7.1.0/../../../../arm-none-eabi/lib/armv6k/fpu/libg.a(lib_a-dtoa.o)
 *fill*         0x0000000000117b94        0x4 
 .text._dtoa_r  0x0000000000117b98     0x1224 /opt/devkitpro/devkitARM/lib/gcc/arm-none-eabi/7.1.0/../../../../arm-none-eabi/lib/armv6k/fpu/libg.a(lib_a-dtoa.o)
                0x0000000000117b98                _dtoa_r
 .text.__sflush_r
                0x0000000000118dbc      0x26c /opt/devkitpro/devkitARM/lib/gcc/arm-none-eabi/7.1.0/../../../../arm-none-eabi/lib/armv6k/fpu/libg.a(lib_a-fflush.o)
                0x0000000000118dbc                __sflush_r
 .text._fflush_r
                0x0000000000119028       0x94 /opt/devkitpro/devkitARM/lib/gcc/arm-none-eabi/7.1.0/../../../../arm-none-eabi/lib/armv6k/fpu/libg.a(lib_a-fflush.o)
                0x0000000000119028                _fflush_r
 .text._cleanup_r
                0x00000000001190bc        0xc /opt/devkitpro/devkitARM/lib/gcc/arm-none-eabi/7.1.0/../../../../arm-none-eabi/lib/armv6k/fpu/libg.a(lib_a-findfp.o)
                0x00000000001190bc                _cleanup_r
 .text.std.isra.0
                0x00000000001190c8       0x78 /opt/devkitpro/devkitARM/lib/gcc/arm-none-eabi/7.1.0/../../../../arm-none-eabi/lib/armv6k/fpu/libg.a(lib_a-findfp.o)
 .text.__sinit  0x0000000000119140       0x8c /opt/devkitpro/devkitARM/lib/gcc/arm-none-eabi/7.1.0/../../../../arm-none-eabi/lib/armv6k/fpu/libg.a(lib_a-findfp.o)
                0x0000000000119140                __sinit
 .text.__sfp_lock_acquire
                0x00000000001191cc        0xc /opt/devkitpro/devkitARM/lib/gcc/arm-none-eabi/7.1.0/../../../../arm-none-eabi/lib/armv6k/fpu/libg.a(lib_a-findfp.o)
                0x00000000001191cc                __sfp_lock_acquire
 .text.__sfp_lock_release
                0x00000000001191d8        0xc /opt/devkitpro/devkitARM/lib/gcc/arm-none-eabi/7.1.0/../../../../arm-none-eabi/lib/armv6k/fpu/libg.a(lib_a-findfp.o)
                0x00000000001191d8                __sfp_lock_release
 .text._malloc_trim_r
                0x00000000001191e4       0xf8 /opt/devkitpro/devkitARM/lib/gcc/arm-none-eabi/7.1.0/../../../../arm-none-eabi/lib/armv6k/fpu/libg.a(lib_a-freer.o)
                0x00000000001191e4                _malloc_trim_r
 .text._free_r  0x00000000001192dc      0x2e4 /opt/devkitpro/devkitARM/lib/gcc/arm-none-eabi/7.1.0/../../../../arm-none-eabi/lib/armv6k/fpu/libg.a(lib_a-freer.o)
                0x00000000001192dc                _free_r
 .text.__sfvwrite_r
                0x00000000001195c0      0x498 /opt/devkitpro/devkitARM/lib/gcc/arm-none-eabi/7.1.0/../../../../arm-none-eabi/lib/armv6k/fpu/libg.a(lib_a-fvwrite.o)
                0x00000000001195c0                __sfvwrite_r
 .text._fwalk_reent
                0x0000000000119a58       0x78 /opt/devkitpro/devkitARM/lib/gcc/arm-none-eabi/7.1.0/../../../../arm-none-eabi/lib/armv6k/fpu/libg.a(lib_a-fwalk.o)
                0x0000000000119a58                _fwalk_reent
 .text.iswspace
                0x0000000000119ad0       0x74 /opt/devkitpro/devkitARM/lib/gcc/arm-none-eabi/7.1.0/../../../../arm-none-eabi/lib/armv6k/fpu/libg.a(lib_a-iswspace.o)
                0x0000000000119ad0                iswspace
 .text.__jp2uc  0x0000000000119b44      0x1e0 /opt/devkitpro/devkitARM/lib/gcc/arm-none-eabi/7.1.0/../../../../arm-none-eabi/lib/armv6k/fpu/libg.a(lib_a-jp2uc.o)
 .text._jp2uc   0x0000000000119d24       0xc4 /opt/devkitpro/devkitARM/lib/gcc/arm-none-eabi/7.1.0/../../../../arm-none-eabi/lib/armv6k/fpu/libg.a(lib_a-jp2uc.o)
                0x0000000000119d24                _jp2uc
 .text.__localeconv_l
                0x0000000000119de8        0x8 /opt/devkitpro/devkitARM/lib/gcc/arm-none-eabi/7.1.0/../../../../arm-none-eabi/lib/armv6k/fpu/libg.a(lib_a-localeconv.o)
                0x0000000000119de8                __localeconv_l
 .text._localeconv_r
                0x0000000000119df0       0x24 /opt/devkitpro/devkitARM/lib/gcc/arm-none-eabi/7.1.0/../../../../arm-none-eabi/lib/armv6k/fpu/libg.a(lib_a-localeconv.o)
                0x0000000000119df0                _localeconv_r
 .text.__locale_mb_cur_max
                0x0000000000119e14       0x24 /opt/devkitpro/devkitARM/lib/gcc/arm-none-eabi/7.1.0/../../../../arm-none-eabi/lib/armv6k/fpu/libg.a(lib_a-locale.o)
                0x0000000000119e14                __locale_mb_cur_max
 .text.__locale_ctype_ptr_l
                0x0000000000119e38        0x8 /opt/devkitpro/devkitARM/lib/gcc/arm-none-eabi/7.1.0/../../../../arm-none-eabi/lib/armv6k/fpu/libg.a(lib_a-locale.o)
                0x0000000000119e38                __locale_ctype_ptr_l
 .text.__locale_ctype_ptr
                0x0000000000119e40       0x24 /opt/devkitpro/devkitARM/lib/gcc/arm-none-eabi/7.1.0/../../../../arm-none-eabi/lib/armv6k/fpu/libg.a(lib_a-locale.o)
                0x0000000000119e40                __locale_ctype_ptr
 .text.__swhatbuf_r
                0x0000000000119e64       0x94 /opt/devkitpro/devkitARM/lib/gcc/arm-none-eabi/7.1.0/../../../../arm-none-eabi/lib/armv6k/fpu/libg.a(lib_a-makebuf.o)
                0x0000000000119e64                __swhatbuf_r
 .text.__smakebuf_r
                0x0000000000119ef8       0xf4 /opt/devkitpro/devkitARM/lib/gcc/arm-none-eabi/7.1.0/../../../../arm-none-eabi/lib/armv6k/fpu/libg.a(lib_a-makebuf.o)
                0x0000000000119ef8                __smakebuf_r
 .text._mbrtowc_r
                0x0000000000119fec       0xb4 /opt/devkitpro/devkitARM/lib/gcc/arm-none-eabi/7.1.0/../../../../arm-none-eabi/lib/armv6k/fpu/libg.a(lib_a-mbrtowc.o)
                0x0000000000119fec                _mbrtowc_r
 .text.__utf8_mbtowc
                0x000000000011a0a0      0x2fc /opt/devkitpro/devkitARM/lib/gcc/arm-none-eabi/7.1.0/../../../../arm-none-eabi/lib/armv6k/fpu/libg.a(lib_a-mbtowc_r.o)
                0x000000000011a0a0                __utf8_mbtowc
 .text.memmove  0x000000000011a39c      0x13c /opt/devkitpro/devkitARM/lib/gcc/arm-none-eabi/7.1.0/../../../../arm-none-eabi/lib/armv6k/fpu/libg.a(lib_a-memmove.o)
                0x000000000011a39c                memmove
 .text._Balloc  0x000000000011a4d8       0x88 /opt/devkitpro/devkitARM/lib/gcc/arm-none-eabi/7.1.0/../../../../arm-none-eabi/lib/armv6k/fpu/libg.a(lib_a-mprec.o)
                0x000000000011a4d8                _Balloc
 .text._Bfree   0x000000000011a560       0x1c /opt/devkitpro/devkitARM/lib/gcc/arm-none-eabi/7.1.0/../../../../arm-none-eabi/lib/armv6k/fpu/libg.a(lib_a-mprec.o)
                0x000000000011a560                _Bfree
 .text.__multadd
                0x000000000011a57c       0xd0 /opt/devkitpro/devkitARM/lib/gcc/arm-none-eabi/7.1.0/../../../../arm-none-eabi/lib/armv6k/fpu/libg.a(lib_a-mprec.o)
                0x000000000011a57c                __multadd
 .text.__s2b    0x000000000011a64c       0xe0 /opt/devkitpro/devkitARM/lib/gcc/arm-none-eabi/7.1.0/../../../../arm-none-eabi/lib/armv6k/fpu/libg.a(lib_a-mprec.o)
                0x000000000011a64c                __s2b
 .text.__hi0bits
                0x000000000011a72c       0x58 /opt/devkitpro/devkitARM/lib/gcc/arm-none-eabi/7.1.0/../../../../arm-none-eabi/lib/armv6k/fpu/libg.a(lib_a-mprec.o)
                0x000000000011a72c                __hi0bits
 .text.__lo0bits
                0x000000000011a784       0x9c /opt/devkitpro/devkitARM/lib/gcc/arm-none-eabi/7.1.0/../../../../arm-none-eabi/lib/armv6k/fpu/libg.a(lib_a-mprec.o)
                0x000000000011a784                __lo0bits
 .text.__i2b    0x000000000011a820       0x20 /opt/devkitpro/devkitARM/lib/gcc/arm-none-eabi/7.1.0/../../../../arm-none-eabi/lib/armv6k/fpu/libg.a(lib_a-mprec.o)
                0x000000000011a820                __i2b
 .text.__multiply
                0x000000000011a840      0x1d4 /opt/devkitpro/devkitARM/lib/gcc/arm-none-eabi/7.1.0/../../../../arm-none-eabi/lib/armv6k/fpu/libg.a(lib_a-mprec.o)
                0x000000000011a840                __multiply
 .text.__pow5mult
                0x000000000011aa14      0x100 /opt/devkitpro/devkitARM/lib/gcc/arm-none-eabi/7.1.0/../../../../arm-none-eabi/lib/armv6k/fpu/libg.a(lib_a-mprec.o)
                0x000000000011aa14                __pow5mult
 .text.__lshift
                0x000000000011ab14       0xe8 /opt/devkitpro/devkitARM/lib/gcc/arm-none-eabi/7.1.0/../../../../arm-none-eabi/lib/armv6k/fpu/libg.a(lib_a-mprec.o)
                0x000000000011ab14                __lshift
 .text.__mcmp   0x000000000011abfc       0x5c /opt/devkitpro/devkitARM/lib/gcc/arm-none-eabi/7.1.0/../../../../arm-none-eabi/lib/armv6k/fpu/libg.a(lib_a-mprec.o)
                0x000000000011abfc                __mcmp
 .text.__mdiff  0x000000000011ac58      0x168 /opt/devkitpro/devkitARM/lib/gcc/arm-none-eabi/7.1.0/../../../../arm-none-eabi/lib/armv6k/fpu/libg.a(lib_a-mprec.o)
                0x000000000011ac58                __mdiff
 .text.__ulp    0x000000000011adc0       0x78 /opt/devkitpro/devkitARM/lib/gcc/arm-none-eabi/7.1.0/../../../../arm-none-eabi/lib/armv6k/fpu/libg.a(lib_a-mprec.o)
                0x000000000011adc0                __ulp
 .text.__b2d    0x000000000011ae38       0xd0 /opt/devkitpro/devkitARM/lib/gcc/arm-none-eabi/7.1.0/../../../../arm-none-eabi/lib/armv6k/fpu/libg.a(lib_a-mprec.o)
                0x000000000011ae38                __b2d
 .text.__d2b    0x000000000011af08      0x104 /opt/devkitpro/devkitARM/lib/gcc/arm-none-eabi/7.1.0/../../../../arm-none-eabi/lib/armv6k/fpu/libg.a(lib_a-mprec.o)
                0x000000000011af08                __d2b
 .text.__ratio  0x000000000011b00c       0x84 /opt/devkitpro/devkitARM/lib/gcc/arm-none-eabi/7.1.0/../../../../arm-none-eabi/lib/armv6k/fpu/libg.a(lib_a-mprec.o)
                0x000000000011b00c                __ratio
 .text.__copybits
                0x000000000011b090       0x88 /opt/devkitpro/devkitARM/lib/gcc/arm-none-eabi/7.1.0/../../../../arm-none-eabi/lib/armv6k/fpu/libg.a(lib_a-mprec.o)
                0x000000000011b090                __copybits
 .text.__any_on
                0x000000000011b118       0x78 /opt/devkitpro/devkitARM/lib/gcc/arm-none-eabi/7.1.0/../../../../arm-none-eabi/lib/armv6k/fpu/libg.a(lib_a-mprec.o)
                0x000000000011b118                __any_on
 .text._realloc_r
                0x000000000011b190      0x4d0 /opt/devkitpro/devkitARM/lib/gcc/arm-none-eabi/7.1.0/../../../../arm-none-eabi/lib/armv6k/fpu/libg.a(lib_a-reallocr.o)
                0x000000000011b190                _realloc_r
 .text.__sccl   0x000000000011b660       0xcc /opt/devkitpro/devkitARM/lib/gcc/arm-none-eabi/7.1.0/../../../../arm-none-eabi/lib/armv6k/fpu/libg.a(lib_a-sccl.o)
                0x000000000011b660                __sccl
 .text.nanf     0x000000000011b72c        0xc /opt/devkitpro/devkitARM/lib/gcc/arm-none-eabi/7.1.0/../../../../arm-none-eabi/lib/armv6k/fpu/libg.a(lib_a-sf_nan.o)
                0x000000000011b72c                nanf
 .text.frexp    0x000000000011b738       0x9c /opt/devkitpro/devkitARM/lib/gcc/arm-none-eabi/7.1.0/../../../../arm-none-eabi/lib/armv6k/fpu/libg.a(lib_a-s_frexp.o)
                0x000000000011b738                frexp
 .text.sprintf  0x000000000011b7d4       0x64 /opt/devkitpro/devkitARM/lib/gcc/arm-none-eabi/7.1.0/../../../../arm-none-eabi/lib/armv6k/fpu/libg.a(lib_a-sprintf.o)
                0x000000000011b7d4                sprintf
 .text.stpncpy  0x000000000011b838       0xf8 /opt/devkitpro/devkitARM/lib/gcc/arm-none-eabi/7.1.0/../../../../arm-none-eabi/lib/armv6k/fpu/libg.a(lib_a-stpncpy.o)
                0x000000000011b838                stpncpy
 .text.strchr   0x000000000011b930      0x180 /opt/devkitpro/devkitARM/lib/gcc/arm-none-eabi/7.1.0/../../../../arm-none-eabi/lib/armv6k/fpu/libg.a(lib_a-strchr.o)
                0x000000000011b930                strchr
 .text.strncmp  0x000000000011bab0       0xf8 /opt/devkitpro/devkitARM/lib/gcc/arm-none-eabi/7.1.0/../../../../arm-none-eabi/lib/armv6k/fpu/libg.a(lib_a-strncmp.o)
                0x000000000011bab0                strncmp
 .text.unlikely.sulp
                0x000000000011bba8       0x54 /opt/devkitpro/devkitARM/lib/gcc/arm-none-eabi/7.1.0/../../../../arm-none-eabi/lib/armv6k/fpu/libg.a(lib_a-strtod.o)
 *fill*         0x000000000011bbfc        0x4 
 .text._strtod_l
                0x000000000011bc00     0x1464 /opt/devkitpro/devkitARM/lib/gcc/arm-none-eabi/7.1.0/../../../../arm-none-eabi/lib/armv6k/fpu/libg.a(lib_a-strtod.o)
                0x000000000011bc00                _strtod_l
 .text._strtod_r
                0x000000000011d064       0x3c /opt/devkitpro/devkitARM/lib/gcc/arm-none-eabi/7.1.0/../../../../arm-none-eabi/lib/armv6k/fpu/libg.a(lib_a-strtod.o)
                0x000000000011d064                _strtod_r
 .text._strtoll_l.isra.0
                0x000000000011d0a0      0x274 /opt/devkitpro/devkitARM/lib/gcc/arm-none-eabi/7.1.0/../../../../arm-none-eabi/lib/armv6k/fpu/libg.a(lib_a-strtoll.o)
 .text._strtoll_r
                0x000000000011d314       0x50 /opt/devkitpro/devkitARM/lib/gcc/arm-none-eabi/7.1.0/../../../../arm-none-eabi/lib/armv6k/fpu/libg.a(lib_a-strtoll.o)
                0x000000000011d314                _strtoll_r
 .text._strtol_l.isra.0
                0x000000000011d364      0x1bc /opt/devkitpro/devkitARM/lib/gcc/arm-none-eabi/7.1.0/../../../../arm-none-eabi/lib/armv6k/fpu/libg.a(lib_a-strtol.o)
 .text._strtol_r
                0x000000000011d520       0x50 /opt/devkitpro/devkitARM/lib/gcc/arm-none-eabi/7.1.0/../../../../arm-none-eabi/lib/armv6k/fpu/libg.a(lib_a-strtol.o)
                0x000000000011d520                _strtol_r
 .text._strtoull_l.isra.0
                0x000000000011d570      0x260 /opt/devkitpro/devkitARM/lib/gcc/arm-none-eabi/7.1.0/../../../../arm-none-eabi/lib/armv6k/fpu/libg.a(lib_a-strtoull.o)
 .text._strtoull_r
                0x000000000011d7d0       0x50 /opt/devkitpro/devkitARM/lib/gcc/arm-none-eabi/7.1.0/../../../../arm-none-eabi/lib/armv6k/fpu/libg.a(lib_a-strtoull.o)
                0x000000000011d7d0                _strtoull_r
 .text._strtoul_l.isra.0
                0x000000000011d820      0x1d0 /opt/devkitpro/devkitARM/lib/gcc/arm-none-eabi/7.1.0/../../../../arm-none-eabi/lib/armv6k/fpu/libg.a(lib_a-strtoul.o)
 .text._strtoul_r
                0x000000000011d9f0       0x50 /opt/devkitpro/devkitARM/lib/gcc/arm-none-eabi/7.1.0/../../../../arm-none-eabi/lib/armv6k/fpu/libg.a(lib_a-strtoul.o)
                0x000000000011d9f0                _strtoul_r
 .text.__ssprint_r
                0x000000000011da40      0x188 /opt/devkitpro/devkitARM/lib/gcc/arm-none-eabi/7.1.0/../../../../arm-none-eabi/lib/armv6k/fpu/libg.a(lib_a-svfiprintf.o)
                0x000000000011da40                __ssprint_r
 .text._sungetc_r
                0x000000000011dbc8       0xdc /opt/devkitpro/devkitARM/lib/gcc/arm-none-eabi/7.1.0/../../../../arm-none-eabi/lib/armv6k/fpu/libg.a(lib_a-svfiscanf.o)
                0x000000000011dbc8                _sungetc_r
 .text.__ssrefill_r
                0x000000000011dca4       0x6c /opt/devkitpro/devkitARM/lib/gcc/arm-none-eabi/7.1.0/../../../../arm-none-eabi/lib/armv6k/fpu/libg.a(lib_a-svfiscanf.o)
                0x000000000011dca4                __ssrefill_r
 .text._sfread_r
                0x000000000011dd10       0xc8 /opt/devkitpro/devkitARM/lib/gcc/arm-none-eabi/7.1.0/../../../../arm-none-eabi/lib/armv6k/fpu/libg.a(lib_a-svfiscanf.o)
                0x000000000011dd10                _sfread_r
 .text.get_arg  0x000000000011ddd8     0x74a0 /opt/devkitpro/devkitARM/lib/gcc/arm-none-eabi/7.1.0/../../../../arm-none-eabi/lib/armv6k/fpu/libg.a(lib_a-svfprintf.o)
 .text._svfprintf_r
                0x0000000000125278     0x3e2c /opt/devkitpro/devkitARM/lib/gcc/arm-none-eabi/7.1.0/../../../../arm-none-eabi/lib/armv6k/fpu/libg.a(lib_a-svfprintf.o)
                0x0000000000125278                _svfprintf_r
 .text.__submore
                0x00000000001290a4       0xa4 /opt/devkitpro/devkitARM/lib/gcc/arm-none-eabi/7.1.0/../../../../arm-none-eabi/lib/armv6k/fpu/libg.a(lib_a-ungetc.o)
                0x00000000001290a4                __submore
 .text._wcsnrtombs_l
                0x0000000000129148      0x170 /opt/devkitpro/devkitARM/lib/gcc/arm-none-eabi/7.1.0/../../../../arm-none-eabi/lib/armv6k/fpu/libg.a(lib_a-wcsnrtombs.o)
                0x0000000000129148                _wcsnrtombs_l
 .text._wcsnrtombs_r
                0x00000000001292b8       0x64 /opt/devkitpro/devkitARM/lib/gcc/arm-none-eabi/7.1.0/../../../../arm-none-eabi/lib/armv6k/fpu/libg.a(lib_a-wcsnrtombs.o)
                0x00000000001292b8                _wcsnrtombs_r
 .text.__utf8_wctomb
                0x000000000012931c       0xe8 /opt/devkitpro/devkitARM/lib/gcc/arm-none-eabi/7.1.0/../../../../arm-none-eabi/lib/armv6k/fpu/libg.a(lib_a-wctomb_r.o)
                0x000000000012931c                __utf8_wctomb
 .text._calloc_r
                0x0000000000129404       0x90 /opt/devkitpro/devkitARM/lib/gcc/arm-none-eabi/7.1.0/../../../../arm-none-eabi/lib/armv6k/fpu/libg.a(lib_a-callocr.o)
                0x0000000000129404                _calloc_r
 .text._fclose_r
                0x0000000000129494      0x164 /opt/devkitpro/devkitARM/lib/gcc/arm-none-eabi/7.1.0/../../../../arm-none-eabi/lib/armv6k/fpu/libg.a(lib_a-fclose.o)
                0x0000000000129494                _fclose_r
 .text.rshift   0x00000000001295f8      0x104 /opt/devkitpro/devkitARM/lib/gcc/arm-none-eabi/7.1.0/../../../../arm-none-eabi/lib/armv6k/fpu/libg.a(lib_a-gdtoa-gethex.o)
 .text.__gethex
                0x00000000001296fc      0x7f8 /opt/devkitpro/devkitARM/lib/gcc/arm-none-eabi/7.1.0/../../../../arm-none-eabi/lib/armv6k/fpu/libg.a(lib_a-gdtoa-gethex.o)
                0x00000000001296fc                __gethex
 .text.__match  0x0000000000129ef4       0x60 /opt/devkitpro/devkitARM/lib/gcc/arm-none-eabi/7.1.0/../../../../arm-none-eabi/lib/armv6k/fpu/libg.a(lib_a-gdtoa-hexnan.o)
                0x0000000000129ef4                __match
 .text.__hexnan
                0x0000000000129f54      0x254 /opt/devkitpro/devkitARM/lib/gcc/arm-none-eabi/7.1.0/../../../../arm-none-eabi/lib/armv6k/fpu/libg.a(lib_a-gdtoa-hexnan.o)
                0x0000000000129f54                __hexnan
 .text.null_write
                0x000000000012a1a8        0x8 /opt/devkitpro/devkitARM/lib/gcc/arm-none-eabi/7.1.0/../../../../arm-none-eabi/lib/armv6k/fpu/libsysbase.a(iosupport.o)
 .text.setDefaultDevice
                0x000000000012a1b0       0x18 /opt/devkitpro/devkitARM/lib/gcc/arm-none-eabi/7.1.0/../../../../arm-none-eabi/lib/armv6k/fpu/libsysbase.a(iosupport.o)
                0x000000000012a1b0                setDefaultDevice
 .text.FindDevice
                0x000000000012a1c8       0xcc /opt/devkitpro/devkitARM/lib/gcc/arm-none-eabi/7.1.0/../../../../arm-none-eabi/lib/armv6k/fpu/libsysbase.a(iosupport.o)
                0x000000000012a1c8                FindDevice
 .text.RemoveDevice
                0x000000000012a294       0x28 /opt/devkitpro/devkitARM/lib/gcc/arm-none-eabi/7.1.0/../../../../arm-none-eabi/lib/armv6k/fpu/libsysbase.a(iosupport.o)
                0x000000000012a294                RemoveDevice
 .text.AddDevice
                0x000000000012a2bc       0x98 /opt/devkitpro/devkitARM/lib/gcc/arm-none-eabi/7.1.0/../../../../arm-none-eabi/lib/armv6k/fpu/libsysbase.a(iosupport.o)
                0x000000000012a2bc                AddDevice
 .text._close_r
                0x000000000012a354       0x84 /opt/devkitpro/devkitARM/lib/gcc/arm-none-eabi/7.1.0/../../../../arm-none-eabi/lib/armv6k/fpu/libsysbase.a(close.o)
                0x000000000012a354                _close_r
 .text._fstat_r
                0x000000000012a3d8       0x74 /opt/devkitpro/devkitARM/lib/gcc/arm-none-eabi/7.1.0/../../../../arm-none-eabi/lib/armv6k/fpu/libsysbase.a(fstat.o)
                0x000000000012a3d8                _fstat_r
 .text._isatty_r
                0x000000000012a44c        0x8 /opt/devkitpro/devkitARM/lib/gcc/arm-none-eabi/7.1.0/../../../../arm-none-eabi/lib/armv6k/fpu/libsysbase.a(isatty.o)
                0x000000000012a44c                _isatty_r
 .text._lseek_r
                0x000000000012a454       0x84 /opt/devkitpro/devkitARM/lib/gcc/arm-none-eabi/7.1.0/../../../../arm-none-eabi/lib/armv6k/fpu/libsysbase.a(lseek.o)
                0x000000000012a454                _lseek_r
 .text._read_r  0x000000000012a4d8       0x80 /opt/devkitpro/devkitARM/lib/gcc/arm-none-eabi/7.1.0/../../../../arm-none-eabi/lib/armv6k/fpu/libsysbase.a(read.o)
                0x000000000012a4d8                _read_r
 .text._sbrk_r  0x000000000012a558       0x70 /opt/devkitpro/devkitARM/lib/gcc/arm-none-eabi/7.1.0/../../../../arm-none-eabi/lib/armv6k/fpu/libsysbase.a(sbrk.o)
                0x000000000012a558                _sbrk_r
 .text._write_r
                0x000000000012a5c8       0x80 /opt/devkitpro/devkitARM/lib/gcc/arm-none-eabi/7.1.0/../../../../arm-none-eabi/lib/armv6k/fpu/libsysbase.a(write.o)
                0x000000000012a5c8                _write_r
 .text._concatenate_path
                0x000000000012a648      0x1cc /opt/devkitpro/devkitARM/lib/gcc/arm-none-eabi/7.1.0/../../../../arm-none-eabi/lib/armv6k/fpu/libsysbase.a(chdir.o)
                0x000000000012a648                _concatenate_path
 .text.chdir    0x000000000012a814      0x15c /opt/devkitpro/devkitARM/lib/gcc/arm-none-eabi/7.1.0/../../../../arm-none-eabi/lib/armv6k/fpu/libsysbase.a(chdir.o)
                0x000000000012a814                chdir
 .text.__flockfile
                0x000000000012a970        0x8 /opt/devkitpro/devkitARM/lib/gcc/arm-none-eabi/7.1.0/../../../../arm-none-eabi/lib/armv6k/fpu/libsysbase.a(flock.o)
                0x000000000012a970                __flockfile
 .text.__funlockfile
                0x000000000012a978        0x8 /opt/devkitpro/devkitARM/lib/gcc/arm-none-eabi/7.1.0/../../../../arm-none-eabi/lib/armv6k/fpu/libsysbase.a(flock.o)
                0x000000000012a978                __funlockfile
 .text.__libc_lock_acquire
                0x000000000012a980       0x18 /opt/devkitpro/devkitARM/lib/gcc/arm-none-eabi/7.1.0/../../../../arm-none-eabi/lib/armv6k/fpu/libsysbase.a(syscall_support.o)
                0x000000000012a980                __libc_lock_acquire
 .text.__libc_lock_release
                0x000000000012a998       0x18 /opt/devkitpro/devkitARM/lib/gcc/arm-none-eabi/7.1.0/../../../../arm-none-eabi/lib/armv6k/fpu/libsysbase.a(syscall_support.o)
                0x000000000012a998                __libc_lock_release
 .text.__libc_lock_init_recursive
                0x000000000012a9b0       0x18 /opt/devkitpro/devkitARM/lib/gcc/arm-none-eabi/7.1.0/../../../../arm-none-eabi/lib/armv6k/fpu/libsysbase.a(syscall_support.o)
                0x000000000012a9b0                __libc_lock_init_recursive
 .text.__libc_lock_acquire_recursive
                0x000000000012a9c8       0x18 /opt/devkitpro/devkitARM/lib/gcc/arm-none-eabi/7.1.0/../../../../arm-none-eabi/lib/armv6k/fpu/libsysbase.a(syscall_support.o)
                0x000000000012a9c8                __libc_lock_acquire_recursive
 .text.__libc_lock_release_recursive
                0x000000000012a9e0       0x18 /opt/devkitpro/devkitARM/lib/gcc/arm-none-eabi/7.1.0/../../../../arm-none-eabi/lib/armv6k/fpu/libsysbase.a(syscall_support.o)
                0x000000000012a9e0                __libc_lock_release_recursive
 .text.__libc_lock_close_recursive
                0x000000000012a9f8       0x18 /opt/devkitpro/devkitARM/lib/gcc/arm-none-eabi/7.1.0/../../../../arm-none-eabi/lib/armv6k/fpu/libsysbase.a(syscall_support.o)
                0x000000000012a9f8                __libc_lock_close_recursive
 .text.__release_handle
                0x000000000012aa10       0x8c /opt/devkitpro/devkitARM/lib/gcc/arm-none-eabi/7.1.0/../../../../arm-none-eabi/lib/armv6k/fpu/libsysbase.a(handle_manager.o)
                0x000000000012aa10                __release_handle
 .text.__get_handle
                0x000000000012aa9c       0x18 /opt/devkitpro/devkitARM/lib/gcc/arm-none-eabi/7.1.0/../../../../arm-none-eabi/lib/armv6k/fpu/libsysbase.a(handle_manager.o)
                0x000000000012aa9c                __get_handle
 .text.__getreent
                0x000000000012aab4       0x28 /opt/devkitpro/devkitARM/lib/gcc/arm-none-eabi/7.1.0/../../../../arm-none-eabi/lib/armv6k/fpu/libsysbase.a(getreent.o)
                0x000000000012aab4                __getreent
 .text.strrchr  0x000000000012aadc       0x44 /opt/devkitpro/devkitARM/lib/gcc/arm-none-eabi/7.1.0/../../../../arm-none-eabi/lib/armv6k/fpu/libg.a(lib_a-strrchr.o)
                0x000000000012aadc                strrchr
 *(.glue_7)
 .glue_7        0x000000000012ab20        0x0 linker stubs
 *(.glue_7t)
 .glue_7t       0x000000000012ab20        0x0 linker stubs
 *(.stub)
 *(.gnu.warning)
 *(.gnu.linkonce.t*)
                0x000000000012ab20                . = ALIGN (0x4)
 *(.fini)
 .fini          0x000000000012ab20        0xc /opt/devkitpro/devkitARM/lib/gcc/arm-none-eabi/7.1.0/armv6k/fpu/crti.o
                0x000000000012ab20                _fini
 .fini          0x000000000012ab2c        0xc /opt/devkitpro/devkitARM/lib/gcc/arm-none-eabi/7.1.0/armv6k/fpu/crtn.o
                0x000000000012ab38                . = ALIGN (0x4)

.vfp11_veneer   0x000000000012ab38        0x0
 .vfp11_veneer  0x000000000012ab38        0x0 linker stubs

.v4_bx          0x000000000012ab38        0x0
 .v4_bx         0x000000000012ab38        0x0 linker stubs

.iplt           0x000000000012ab38        0x0
 .iplt          0x000000000012ab38        0x0 /opt/devkitpro/devkitARM/lib/gcc/arm-none-eabi/7.1.0/../../../../arm-none-eabi/lib/armv6k/fpu/3dsx_crt0.o
                0x000000000012b000                . = ALIGN (0x1000)

.rodata         0x000000000012b000     0x45b8
 *(.rodata)
 .rodata        0x000000000012b000      0x804 /opt/devkitpro/libctru/lib/libctru.a(default_font.bin.o)
                0x000000000012b000                default_font_bin
                0x000000000012b800                default_font_bin_end
                0x000000000012b800                default_font_bin_size
 .rodata        0x000000000012b804        0xc /opt/devkitpro/libctru/lib/libctru.a(sdmc_dev.o)
 *(.roda)
 *(.rodata.*)
 .rodata.str1.4
                0x000000000012b810       0x54 main.o
 .rodata.colorTable
                0x000000000012b864       0x30 /opt/devkitpro/libctru/lib/libctru.a(console.o)
 .rodata.con_write.str1.4
                0x000000000012b894       0x52 /opt/devkitpro/libctru/lib/libctru.a(console.o)
 *fill*         0x000000000012b8e6        0x2 
 .rodata.dotab_stdout
                0x000000000012b8e8       0x68 /opt/devkitpro/libctru/lib/libctru.a(console.o)
 .rodata.str1.4
                0x000000000012b950       0x10 /opt/devkitpro/libctru/lib/libctru.a(console.o)
 .rodata.CSWTCH.61
                0x000000000012b960       0x14 /opt/devkitpro/libctru/lib/libctru.a(gfx.o)
 .rodata.framebufferInfoSt
                0x000000000012b974        0x8 /opt/devkitpro/libctru/lib/libctru.a(gfx.o)
 .rodata.gspInit.str1.4
                0x000000000012b97c        0x9 /opt/devkitpro/libctru/lib/libctru.a(gspgpu.o)
 *fill*         0x000000000012b985        0x3 
 .rodata.aptSendCommand.str1.4
                0x000000000012b988       0x16 /opt/devkitpro/libctru/lib/libctru.a(apt.o)
 *fill*         0x000000000012b99e        0x2 
 .rodata.hidInit.str1.4
                0x000000000012b9a0       0x15 /opt/devkitpro/libctru/lib/libctru.a(hid.o)
 *fill*         0x000000000012b9b5        0x3 
 .rodata.srvInit.str1.4
                0x000000000012b9b8        0x5 /opt/devkitpro/libctru/lib/libctru.a(srv.o)
 *fill*         0x000000000012b9bd        0x3 
 .rodata.irrstInit.str1.4
                0x000000000012b9c0        0x7 /opt/devkitpro/libctru/lib/libctru.a(irrst.o)
 *fill*         0x000000000012b9c7        0x1 
 .rodata.ptmSysmInit.str1.4
                0x000000000012b9c8        0x9 /opt/devkitpro/libctru/lib/libctru.a(ptmsysm.o)
 *fill*         0x000000000012b9d1        0x3 
 .rodata.error_table
                0x000000000012b9d4       0x30 /opt/devkitpro/libctru/lib/libctru.a(sdmc_dev.o)
 .rodata.sdmcExit.str1.4
                0x000000000012ba04        0x6 /opt/devkitpro/libctru/lib/libctru.a(sdmc_dev.o)
 *fill*         0x000000000012ba0a        0x2 
 .rodata.str1.4
                0x000000000012ba0c        0x5 /opt/devkitpro/libctru/lib/libctru.a(sdmc_dev.o)
                                          0x9 (size before relaxing)
 *fill*         0x000000000012ba11        0x3 
 .rodata.fsInit.str1.4
                0x000000000012ba14        0x8 /opt/devkitpro/libctru/lib/libctru.a(fs.o)
 .rodata.__ssvfscanf_r.str1.4
                0x000000000012ba1c        0x5 /opt/devkitpro/devkitARM/lib/gcc/arm-none-eabi/7.1.0/../../../../arm-none-eabi/lib/armv6k/fpu/libg.a(lib_a-svfscanf.o)
 *fill*         0x000000000012ba21        0x3 
 .rodata.basefix.8603
                0x000000000012ba24       0x22 /opt/devkitpro/devkitARM/lib/gcc/arm-none-eabi/7.1.0/../../../../arm-none-eabi/lib/armv6k/fpu/libg.a(lib_a-svfscanf.o)
 *fill*         0x000000000012ba46        0x2 
 .rodata._vfprintf_r.str1.4
                0x000000000012ba48       0x42 /opt/devkitpro/devkitARM/lib/gcc/arm-none-eabi/7.1.0/../../../../arm-none-eabi/lib/armv6k/fpu/libg.a(lib_a-vfprintf.o)
 *fill*         0x000000000012ba8a        0x2 
 .rodata.blanks.8577
                0x000000000012ba8c       0x10 /opt/devkitpro/devkitARM/lib/gcc/arm-none-eabi/7.1.0/../../../../arm-none-eabi/lib/armv6k/fpu/libg.a(lib_a-vfprintf.o)
 .rodata.zeroes.8578
                0x000000000012ba9c       0x10 /opt/devkitpro/devkitARM/lib/gcc/arm-none-eabi/7.1.0/../../../../arm-none-eabi/lib/armv6k/fpu/libg.a(lib_a-vfprintf.o)
 .rodata._dtoa_r.str1.4
                0x000000000012baac       0x10 /opt/devkitpro/devkitARM/lib/gcc/arm-none-eabi/7.1.0/../../../../arm-none-eabi/lib/armv6k/fpu/libg.a(lib_a-dtoa.o)
                                         0x12 (size before relaxing)
 .rodata._jp2uc.str1.4
                0x000000000012babc       0x12 /opt/devkitpro/devkitARM/lib/gcc/arm-none-eabi/7.1.0/../../../../arm-none-eabi/lib/armv6k/fpu/libg.a(lib_a-jp2uc.o)
 *fill*         0x000000000012bace        0x2 
 .rodata.a1     0x000000000012bad0       0xbc /opt/devkitpro/devkitARM/lib/gcc/arm-none-eabi/7.1.0/../../../../arm-none-eabi/lib/armv6k/fpu/libg.a(lib_a-jp2uc.o)
 .rodata.a2     0x000000000012bb8c       0xbc /opt/devkitpro/devkitARM/lib/gcc/arm-none-eabi/7.1.0/../../../../arm-none-eabi/lib/armv6k/fpu/libg.a(lib_a-jp2uc.o)
 .rodata.a3     0x000000000012bc48       0x5b /opt/devkitpro/devkitARM/lib/gcc/arm-none-eabi/7.1.0/../../../../arm-none-eabi/lib/armv6k/fpu/libg.a(lib_a-jp2uc.o)
 *fill*         0x000000000012bca3        0x1 
 .rodata.a6     0x000000000012bca4       0x70 /opt/devkitpro/devkitARM/lib/gcc/arm-none-eabi/7.1.0/../../../../arm-none-eabi/lib/armv6k/fpu/libg.a(lib_a-jp2uc.o)
 .rodata.a7     0x000000000012bd14       0xa2 /opt/devkitpro/devkitARM/lib/gcc/arm-none-eabi/7.1.0/../../../../arm-none-eabi/lib/armv6k/fpu/libg.a(lib_a-jp2uc.o)
 *fill*         0x000000000012bdb6        0x2 
 .rodata.a8     0x000000000012bdb8       0x40 /opt/devkitpro/devkitARM/lib/gcc/arm-none-eabi/7.1.0/../../../../arm-none-eabi/lib/armv6k/fpu/libg.a(lib_a-jp2uc.o)
 .rodata.b02cf  0x000000000012bdf8     0x172a /opt/devkitpro/devkitARM/lib/gcc/arm-none-eabi/7.1.0/../../../../arm-none-eabi/lib/armv6k/fpu/libg.a(lib_a-jp2uc.o)
 *fill*         0x000000000012d522        0x2 
 .rodata.d02f4  0x000000000012d524     0x1a7c /opt/devkitpro/devkitARM/lib/gcc/arm-none-eabi/7.1.0/../../../../arm-none-eabi/lib/armv6k/fpu/libg.a(lib_a-jp2uc.o)
 .rodata.str1.4
                0x000000000012efa0       0x48 /opt/devkitpro/devkitARM/lib/gcc/arm-none-eabi/7.1.0/../../../../arm-none-eabi/lib/armv6k/fpu/libg.a(lib_a-locale.o)
                                         0x4c (size before relaxing)
 .rodata._mbrtowc_r.str1.4
                0x000000000012efe8        0x1 /opt/devkitpro/devkitARM/lib/gcc/arm-none-eabi/7.1.0/../../../../arm-none-eabi/lib/armv6k/fpu/libg.a(lib_a-mbrtowc.o)
 .rodata.__mprec_bigtens
                0x000000000012efe8       0x28 /opt/devkitpro/devkitARM/lib/gcc/arm-none-eabi/7.1.0/../../../../arm-none-eabi/lib/armv6k/fpu/libg.a(lib_a-mprec.o)
                0x000000000012efe8                __mprec_bigtens
 .rodata.__mprec_tens
                0x000000000012f010       0xc8 /opt/devkitpro/devkitARM/lib/gcc/arm-none-eabi/7.1.0/../../../../arm-none-eabi/lib/armv6k/fpu/libg.a(lib_a-mprec.o)
                0x000000000012f010                __mprec_tens
 .rodata.p05.7353
                0x000000000012f0d8        0xc /opt/devkitpro/devkitARM/lib/gcc/arm-none-eabi/7.1.0/../../../../arm-none-eabi/lib/armv6k/fpu/libg.a(lib_a-mprec.o)
 .rodata._strtod_l.str1.4
                0x000000000012f0e4        0xf /opt/devkitpro/devkitARM/lib/gcc/arm-none-eabi/7.1.0/../../../../arm-none-eabi/lib/armv6k/fpu/libg.a(lib_a-strtod.o)
 *fill*         0x000000000012f0f3        0x1 
 .rodata.fpi.7439
                0x000000000012f0f4       0x14 /opt/devkitpro/devkitARM/lib/gcc/arm-none-eabi/7.1.0/../../../../arm-none-eabi/lib/armv6k/fpu/libg.a(lib_a-strtod.o)
 .rodata.fpinan.7475
                0x000000000012f108       0x14 /opt/devkitpro/devkitARM/lib/gcc/arm-none-eabi/7.1.0/../../../../arm-none-eabi/lib/armv6k/fpu/libg.a(lib_a-strtod.o)
 *fill*         0x000000000012f11c        0x4 
 .rodata.tinytens
                0x000000000012f120       0x28 /opt/devkitpro/devkitARM/lib/gcc/arm-none-eabi/7.1.0/../../../../arm-none-eabi/lib/armv6k/fpu/libg.a(lib_a-strtod.o)
 .rodata.__action_table
                0x000000000012f148       0x6c /opt/devkitpro/devkitARM/lib/gcc/arm-none-eabi/7.1.0/../../../../arm-none-eabi/lib/armv6k/fpu/libg.a(lib_a-svfiprintf.o)
                0x000000000012f148                __action_table
 .rodata.__chclass
                0x000000000012f1b4      0x100 /opt/devkitpro/devkitARM/lib/gcc/arm-none-eabi/7.1.0/../../../../arm-none-eabi/lib/armv6k/fpu/libg.a(lib_a-svfiprintf.o)
                0x000000000012f1b4                __chclass
 .rodata.__state_table
                0x000000000012f2b4       0x6c /opt/devkitpro/devkitARM/lib/gcc/arm-none-eabi/7.1.0/../../../../arm-none-eabi/lib/armv6k/fpu/libg.a(lib_a-svfiprintf.o)
                0x000000000012f2b4                __state_table
 .rodata._svfprintf_r.str1.4
                0x000000000012f320       0x42 /opt/devkitpro/devkitARM/lib/gcc/arm-none-eabi/7.1.0/../../../../arm-none-eabi/lib/armv6k/fpu/libg.a(lib_a-svfprintf.o)
 .rodata.blanks.8562
                0x000000000012f320       0x10 /opt/devkitpro/devkitARM/lib/gcc/arm-none-eabi/7.1.0/../../../../arm-none-eabi/lib/armv6k/fpu/libg.a(lib_a-svfprintf.o)
 .rodata.zeroes.8563
                0x000000000012f330       0x10 /opt/devkitpro/devkitARM/lib/gcc/arm-none-eabi/7.1.0/../../../../arm-none-eabi/lib/armv6k/fpu/libg.a(lib_a-svfprintf.o)
 .rodata._ctype_
                0x000000000012f340      0x101 /opt/devkitpro/devkitARM/lib/gcc/arm-none-eabi/7.1.0/../../../../arm-none-eabi/lib/armv6k/fpu/libg.a(lib_a-ctype_.o)
                0x000000000012f340                _ctype_
 *fill*         0x000000000012f441        0x3 
 .rodata.__hexdig
                0x000000000012f444      0x100 /opt/devkitpro/devkitARM/lib/gcc/arm-none-eabi/7.1.0/../../../../arm-none-eabi/lib/armv6k/fpu/libg.a(lib_a-gdtoa-gethex.o)
                0x000000000012f444                __hexdig
 .rodata.AddDevice.str1.4
                0x000000000012f544        0x8 /opt/devkitpro/devkitARM/lib/gcc/arm-none-eabi/7.1.0/../../../../arm-none-eabi/lib/armv6k/fpu/libsysbase.a(iosupport.o)
 .rodata.dotab_stdnull
                0x000000000012f54c       0x68 /opt/devkitpro/devkitARM/lib/gcc/arm-none-eabi/7.1.0/../../../../arm-none-eabi/lib/armv6k/fpu/libsysbase.a(iosupport.o)
                0x000000000012f54c                dotab_stdnull
 .rodata.DIRECTORY_PARENT
                0x000000000012f5b4        0x3 /opt/devkitpro/devkitARM/lib/gcc/arm-none-eabi/7.1.0/../../../../arm-none-eabi/lib/armv6k/fpu/libsysbase.a(chdir.o)
                0x000000000012f5b4                DIRECTORY_PARENT
 *all.rodata*(*)
 *(.gnu.linkonce.r*)
                0x000000000012f5b8                . = ALIGN (0x4)
 *fill*         0x000000000012f5b7        0x1 

.eh_frame       0x000000000012f5b8        0x0
 .eh_frame      0x000000000012f5b8        0x0 /opt/devkitpro/devkitARM/lib/gcc/arm-none-eabi/7.1.0/armv6k/fpu/crtbegin.o

.rel.dyn        0x000000000012f5b8        0x0
 .rel.iplt      0x000000000012f5b8        0x0 /opt/devkitpro/devkitARM/lib/gcc/arm-none-eabi/7.1.0/../../../../arm-none-eabi/lib/armv6k/fpu/3dsx_crt0.o

.ARM.extab
 *(.ARM.extab* .gnu.linkonce.armextab.*)
                0x000000000012f5b8                __exidx_start = .

ARM.exidx
 *(.ARM.exidx* .gnu.linkonce.armexidx.*)
                0x000000000012f5b8                __exidx_end = .
                0x0000000000130000                . = ALIGN (0x1000)

.data           0x0000000000130000     0x2f4c
 *(.data)
 .data          0x0000000000130000        0x4 /opt/devkitpro/libctru/lib/libctru.a(stack_adjust.o)
                0x0000000000130000                __stacksize__
 *(.data.*)
 .data.currentConsole
                0x0000000000130004        0x4 /opt/devkitpro/libctru/lib/libctru.a(console.o)
                0x0000000000130004                currentConsole
 .data.defaultConsole
                0x0000000000130008       0x4c /opt/devkitpro/libctru/lib/libctru.a(console.o)
                0x0000000000130008                defaultConsole
 .data.firstConsoleInit.7969
                0x0000000000130054        0x1 /opt/devkitpro/libctru/lib/libctru.a(console.o)
 .data.botFormat
                0x0000000000130055        0x1 /opt/devkitpro/libctru/lib/libctru.a(gfx.o)
 *fill*         0x0000000000130056        0x2 
 .data.doubleBuf
                0x0000000000130058        0x8 /opt/devkitpro/libctru/lib/libctru.a(gfx.o)
 .data.topFormat
                0x0000000000130060        0x1 /opt/devkitpro/libctru/lib/libctru.a(gfx.o)
 *fill*         0x0000000000130061        0x3 
 .data.gspLastEvent
                0x0000000000130064        0x4 /opt/devkitpro/libctru/lib/libctru.a(gspgpu.o)
 .data.aptFlags
                0x0000000000130068        0x4 /opt/devkitpro/libctru/lib/libctru.a(apt.o)
 .data.__ctru_linear_heap_size
                0x000000000013006c        0x4 /opt/devkitpro/libctru/lib/libctru.a(allocateHeaps.o)
                0x000000000013006c                __ctru_linear_heap_size
 .data.__cwd    0x0000000000130070      0x401 /opt/devkitpro/libctru/lib/libctru.a(sdmc_dev.o)
 *fill*         0x0000000000130471        0x3 
 .data.sdmc_devoptab
                0x0000000000130474       0x68 /opt/devkitpro/libctru/lib/libctru.a(sdmc_dev.o)
 .data._impure_ptr
                0x00000000001304dc        0x4 /opt/devkitpro/devkitARM/lib/gcc/arm-none-eabi/7.1.0/../../../../arm-none-eabi/lib/armv6k/fpu/libg.a(lib_a-impure.o)
                0x00000000001304dc                _impure_ptr
 .data.impure_data
                0x00000000001304e0      0x460 /opt/devkitpro/devkitARM/lib/gcc/arm-none-eabi/7.1.0/../../../../arm-none-eabi/lib/armv6k/fpu/libg.a(lib_a-impure.o)
 .data.__malloc_av_
                0x0000000000130940      0x408 /opt/devkitpro/devkitARM/lib/gcc/arm-none-eabi/7.1.0/../../../../arm-none-eabi/lib/armv6k/fpu/libg.a(lib_a-mallocr.o)
                0x0000000000130940                __malloc_av_
 .data.__malloc_sbrk_base
                0x0000000000130d48        0x4 /opt/devkitpro/devkitARM/lib/gcc/arm-none-eabi/7.1.0/../../../../arm-none-eabi/lib/armv6k/fpu/libg.a(lib_a-mallocr.o)
                0x0000000000130d48                __malloc_sbrk_base
 .data.__malloc_trim_threshold
                0x0000000000130d4c        0x4 /opt/devkitpro/devkitARM/lib/gcc/arm-none-eabi/7.1.0/../../../../arm-none-eabi/lib/armv6k/fpu/libg.a(lib_a-mallocr.o)
                0x0000000000130d4c                __malloc_trim_threshold
 .data.__malloc_lock_object
                0x0000000000130d50        0xc /opt/devkitpro/devkitARM/lib/gcc/arm-none-eabi/7.1.0/../../../../arm-none-eabi/lib/armv6k/fpu/libg.a(lib_a-mlock.o)
 .data.__sfp_lock
                0x0000000000130d5c        0xc /opt/devkitpro/devkitARM/lib/gcc/arm-none-eabi/7.1.0/../../../../arm-none-eabi/lib/armv6k/fpu/libg.a(lib_a-findfp.o)
 .data.__sinit_lock
                0x0000000000130d68        0xc /opt/devkitpro/devkitARM/lib/gcc/arm-none-eabi/7.1.0/../../../../arm-none-eabi/lib/armv6k/fpu/libg.a(lib_a-findfp.o)
 .data.__global_locale
                0x0000000000130d74      0x16c /opt/devkitpro/devkitARM/lib/gcc/arm-none-eabi/7.1.0/../../../../arm-none-eabi/lib/armv6k/fpu/libg.a(lib_a-locale.o)
                0x0000000000130d74                __global_locale
 .data.defaultDevice
                0x0000000000130ee0        0x4 /opt/devkitpro/devkitARM/lib/gcc/arm-none-eabi/7.1.0/../../../../arm-none-eabi/lib/armv6k/fpu/libsysbase.a(iosupport.o)
 .data.devoptab_list
                0x0000000000130ee4       0x40 /opt/devkitpro/devkitARM/lib/gcc/arm-none-eabi/7.1.0/../../../../arm-none-eabi/lib/armv6k/fpu/libsysbase.a(iosupport.o)
                0x0000000000130ee4                devoptab_list
 .data._current_working_directory
                0x0000000000130f24     0x1000 /opt/devkitpro/devkitARM/lib/gcc/arm-none-eabi/7.1.0/../../../../arm-none-eabi/lib/armv6k/fpu/libsysbase.a(chdir.o)
 .data.__hndl_lock
                0x0000000000131f24        0x4 /opt/devkitpro/devkitARM/lib/gcc/arm-none-eabi/7.1.0/../../../../arm-none-eabi/lib/armv6k/fpu/libsysbase.a(handle_manager.o)
 .data.__stderr_handle
                0x0000000000131f28        0xc /opt/devkitpro/devkitARM/lib/gcc/arm-none-eabi/7.1.0/../../../../arm-none-eabi/lib/armv6k/fpu/libsysbase.a(handle_manager.o)
 .data.__stdin_handle
                0x0000000000131f34        0xc /opt/devkitpro/devkitARM/lib/gcc/arm-none-eabi/7.1.0/../../../../arm-none-eabi/lib/armv6k/fpu/libsysbase.a(handle_manager.o)
 .data.__stdout_handle
                0x0000000000131f40        0xc /opt/devkitpro/devkitARM/lib/gcc/arm-none-eabi/7.1.0/../../../../arm-none-eabi/lib/armv6k/fpu/libsysbase.a(handle_manager.o)
 .data.handles  0x0000000000131f4c     0x1000 /opt/devkitpro/devkitARM/lib/gcc/arm-none-eabi/7.1.0/../../../../arm-none-eabi/lib/armv6k/fpu/libsysbase.a(handle_manager.o)
 *(.gnu.linkonce.d*)
                0x0000000000132f4c                . = ALIGN (0x4)

.igot.plt       0x0000000000132f4c        0x0
 .igot.plt      0x0000000000132f4c        0x0 /opt/devkitpro/devkitARM/lib/gcc/arm-none-eabi/7.1.0/../../../../arm-none-eabi/lib/armv6k/fpu/3dsx_crt0.o

.tm_clone_table
                0x0000000000132f4c        0x0
 .tm_clone_table
                0x0000000000132f4c        0x0 /opt/devkitpro/devkitARM/lib/gcc/arm-none-eabi/7.1.0/armv6k/fpu/crtbegin.o
 .tm_clone_table
                0x0000000000132f4c        0x0 /opt/devkitpro/devkitARM/lib/gcc/arm-none-eabi/7.1.0/armv6k/fpu/crtend.o
                0x0000000000132f4c                __TMC_END__

.tdata          0x0000000000132f4c        0x0
                0x0000000000132f4c                __tdata_lma = .
 *(.tdata)
 *(.tdata.*)
 *(.gnu.linkonce.td.*)
                0x0000000000132f4c                . = ALIGN (0x4)
                0x0000000000132f4c                __tdata_lma_end = .

.tbss           0x0000000000132f4c     0x140c
 *(.tbss)
 *(.tbss.*)
 .tbss.__fixedpath
                0x0000000000132f4c      0x401 /opt/devkitpro/libctru/lib/libctru.a(sdmc_dev.o)
 *fill*         0x000000000013334d        0x3 
 .tbss.__utf16path
                0x0000000000133350      0x802 /opt/devkitpro/libctru/lib/libctru.a(sdmc_dev.o)
 *fill*         0x0000000000133b52        0x2 
 .tbss.__utf16path_old.8107
                0x0000000000133b54      0x802 /opt/devkitpro/libctru/lib/libctru.a(sdmc_dev.o)
 *(.gnu.linkonce.tb.*)
 *(.tcommon)
                0x0000000000134358                . = ALIGN (0x4)
 *fill*         0x0000000000134356        0x2 

.preinit_array  0x0000000000132f4c        0x0
                0x0000000000132f4c                PROVIDE (__preinit_array_start, .)
 *(.preinit_array)
                0x0000000000132f4c                PROVIDE (__preinit_array_end, .)

.init_array     0x0000000000132f4c        0x4
                0x0000000000132f4c                PROVIDE (__init_array_start, .)
 *(SORT(.init_array.*))
 *(.init_array)
 .init_array    0x0000000000132f4c        0x4 /opt/devkitpro/devkitARM/lib/gcc/arm-none-eabi/7.1.0/armv6k/fpu/crtbegin.o
                0x0000000000132f50                PROVIDE (__init_array_end, .)

.fini_array     0x0000000000132f50        0x4
                0x0000000000132f50                PROVIDE (__fini_array_start, .)
 *(.fini_array)
 .fini_array    0x0000000000132f50        0x4 /opt/devkitpro/devkitARM/lib/gcc/arm-none-eabi/7.1.0/armv6k/fpu/crtbegin.o
 *(SORT(.fini_array.*))
                0x0000000000132f54                PROVIDE (__fini_array_end, .)

.ctors
 *crtbegin.o(.ctors)
 *(EXCLUDE_FILE(*crtend.o) .ctors)
 *(SORT(.ctors.*))
 *(.ctors)

.dtors
 *crtbegin.o(.dtors)
 *(EXCLUDE_FILE(*crtend.o) .dtors)
 *(SORT(.dtors.*))
 *(.dtors)
                0x0000000000132f54                __bss_start__ = .

.bss            0x0000000000132f54     0x37d8
 *(.dynbss)
 *(.bss)
 .bss           0x0000000000132f54        0x8 /opt/devkitpro/libctru/lib/libctru.a(stack_adjust.o)
 *(.bss.*)
 .bss.completed.7759
                0x0000000000132f5c        0x1 /opt/devkitpro/devkitARM/lib/gcc/arm-none-eabi/7.1.0/armv6k/fpu/crtbegin.o
 *fill*         0x0000000000132f5d        0x3 
 .bss.object.7764
                0x0000000000132f60       0x18 /opt/devkitpro/devkitARM/lib/gcc/arm-none-eabi/7.1.0/armv6k/fpu/crtbegin.o
 .bss.currentBuffer
                0x0000000000132f78        0x2 /opt/devkitpro/libctru/lib/libctru.a(gfx.o)
 .bss.enable3d  0x0000000000132f7a        0x1 /opt/devkitpro/libctru/lib/libctru.a(gfx.o)
 *fill*         0x0000000000132f7b        0x1 
 .bss.screenAlloc
                0x0000000000132f7c        0x4 /opt/devkitpro/libctru/lib/libctru.a(gfx.o)
 .bss.screenFree
                0x0000000000132f80        0x4 /opt/devkitpro/libctru/lib/libctru.a(gfx.o)
 .bss.gspEvent  0x0000000000132f84        0x4 /opt/devkitpro/libctru/lib/libctru.a(gspgpu.o)
 .bss.gspEventCb
                0x0000000000132f88       0x1c /opt/devkitpro/libctru/lib/libctru.a(gspgpu.o)
 .bss.gspEventCbData
                0x0000000000132fa4       0x1c /opt/devkitpro/libctru/lib/libctru.a(gspgpu.o)